gcc -c -fno-strict-overflow -Wsign-compare -DNDEBUG -g -O3 -Wall    -std=c11 -Wextra -Wno-unused-parameter -Wno-missing-field-initializers -Wstrict-prototypes -Werror=implicit-function-declaration -fvisibility=hidden  -I./Include/internal -I./Include/internal/mimalloc  -I. -I./Include    -DPy_BUILD_CORE -o Programs/python.o ./Programs/python.c
gcc -c -fno-strict-overflow -Wsign-compare -DNDEBUG -g -O3 -Wall    -std=c11 -Wextra -Wno-unused-parameter -Wno-missing-field-initializers -Wstrict-prototypes -Werror=implicit-function-declaration -fvisibility=hidden  -I./Include/internal -I./Include/internal/mimalloc  -I. -I./Include    -DPy_BUILD_CORE -o Parser/token.o Parser/token.c
gcc -c -fno-strict-overflow -Wsign-compare -DNDEBUG -g -O3 -Wall    -std=c11 -Wextra -Wno-unused-parameter -Wno-missing-field-initializers -Wstrict-prototypes -Werror=implicit-function-declaration -fvisibility=hidden  -I./Include/internal -I./Include/internal/mimalloc  -I. -I./Include    -DPy_BUILD_CORE -o Parser/pegen.o Parser/pegen.c
gcc -c -fno-strict-overflow -Wsign-compare -DNDEBUG -g -O3 -Wall    -std=c11 -Wextra -Wno-unused-parameter -Wno-missing-field-initializers -Wstrict-prototypes -Werror=implicit-function-declaration -fvisibility=hidden  -I./Include/internal -I./Include/internal/mimalloc  -I. -I./Include    -DPy_BUILD_CORE -o Parser/pegen_errors.o Parser/pegen_errors.c
gcc -c -fno-strict-overflow -Wsign-compare -DNDEBUG -g -O3 -Wall    -std=c11 -Wextra -Wno-unused-parameter -Wno-missing-field-initializers -Wstrict-prototypes -Werror=implicit-function-declaration -fvisibility=hidden  -I./Include/internal -I./Include/internal/mimalloc  -I. -I./Include    -DPy_BUILD_CORE -o Parser/action_helpers.o Parser/action_helpers.c
gcc -c -fno-strict-overflow -Wsign-compare -DNDEBUG -g -O3 -Wall    -std=c11 -Wextra -Wno-unused-parameter -Wno-missing-field-initializers -Wstrict-prototypes -Werror=implicit-function-declaration -fvisibility=hidden  -I./Include/internal -I./Include/internal/mimalloc  -I. -I./Include    -DPy_BUILD_CORE -o Parser/parser.o Parser/parser.c
gcc -c -fno-strict-overflow -Wsign-compare -DNDEBUG -g -O3 -Wall    -std=c11 -Wextra -Wno-unused-parameter -Wno-missing-field-initializers -Wstrict-prototypes -Werror=implicit-function-declaration -fvisibility=hidden  -I./Include/internal -I./Include/internal/mimalloc  -I. -I./Include    -DPy_BUILD_CORE -o Parser/string_parser.o Parser/string_parser.c
gcc -c -fno-strict-overflow -Wsign-compare -DNDEBUG -g -O3 -Wall    -std=c11 -Wextra -Wno-unused-parameter -Wno-missing-field-initializers -Wstrict-prototypes -Werror=implicit-function-declaration -fvisibility=hidden  -I./Include/internal -I./Include/internal/mimalloc  -I. -I./Include    -DPy_BUILD_CORE -o Parser/peg_api.o Parser/peg_api.c
gcc -c -fno-strict-overflow -Wsign-compare -DNDEBUG -g -O3 -Wall    -std=c11 -Wextra -Wno-unused-parameter -Wno-missing-field-initializers -Wstrict-prototypes -Werror=implicit-function-declaration -fvisibility=hidden  -I./Include/internal -I./Include/internal/mimalloc  -I. -I./Include    -DPy_BUILD_CORE -o Parser/lexer/buffer.o Parser/lexer/buffer.c
gcc -c -fno-strict-overflow -Wsign-compare -DNDEBUG -g -O3 -Wall    -std=c11 -Wextra -Wno-unused-parameter -Wno-missing-field-initializers -Wstrict-prototypes -Werror=implicit-function-declaration -fvisibility=hidden  -I./Include/internal -I./Include/internal/mimalloc  -I. -I./Include    -DPy_BUILD_CORE -o Parser/lexer/lexer.o Parser/lexer/lexer.c
gcc -c -fno-strict-overflow -Wsign-compare -DNDEBUG -g -O3 -Wall    -std=c11 -Wextra -Wno-unused-parameter -Wno-missing-field-initializers -Wstrict-prototypes -Werror=implicit-function-declaration -fvisibility=hidden  -I./Include/internal -I./Include/internal/mimalloc  -I. -I./Include    -DPy_BUILD_CORE -o Parser/lexer/state.o Parser/lexer/state.c
gcc -c -fno-strict-overflow -Wsign-compare -DNDEBUG -g -O3 -Wall    -std=c11 -Wextra -Wno-unused-parameter -Wno-missing-field-initializers -Wstrict-prototypes -Werror=implicit-function-declaration -fvisibility=hidden  -I./Include/internal -I./Include/internal/mimalloc  -I. -I./Include    -DPy_BUILD_CORE -o Parser/tokenizer/file_tokenizer.o Parser/tokenizer/file_tokenizer.c
gcc -c -fno-strict-overflow -Wsign-compare -DNDEBUG -g -O3 -Wall    -std=c11 -Wextra -Wno-unused-parameter -Wno-missing-field-initializers -Wstrict-prototypes -Werror=implicit-function-declaration -fvisibility=hidden  -I./Include/internal -I./Include/internal/mimalloc  -I. -I./Include    -DPy_BUILD_CORE -o Parser/tokenizer/readline_tokenizer.o Parser/tokenizer/readline_tokenizer.c
gcc -c -fno-strict-overflow -Wsign-compare -DNDEBUG -g -O3 -Wall    -std=c11 -Wextra -Wno-unused-parameter -Wno-missing-field-initializers -Wstrict-prototypes -Werror=implicit-function-declaration -fvisibility=hidden  -I./Include/internal -I./Include/internal/mimalloc  -I. -I./Include    -DPy_BUILD_CORE -o Parser/tokenizer/string_tokenizer.o Parser/tokenizer/string_tokenizer.c
gcc -c -fno-strict-overflow -Wsign-compare -DNDEBUG -g -O3 -Wall    -std=c11 -Wextra -Wno-unused-parameter -Wno-missing-field-initializers -Wstrict-prototypes -Werror=implicit-function-declaration -fvisibility=hidden  -I./Include/internal -I./Include/internal/mimalloc  -I. -I./Include    -DPy_BUILD_CORE -o Parser/tokenizer/utf8_tokenizer.o Parser/tokenizer/utf8_tokenizer.c
gcc -c -fno-strict-overflow -Wsign-compare -DNDEBUG -g -O3 -Wall    -std=c11 -Wextra -Wno-unused-parameter -Wno-missing-field-initializers -Wstrict-prototypes -Werror=implicit-function-declaration -fvisibility=hidden  -I./Include/internal -I./Include/internal/mimalloc  -I. -I./Include    -DPy_BUILD_CORE -o Parser/tokenizer/helpers.o Parser/tokenizer/helpers.c
gcc -c -fno-strict-overflow -Wsign-compare -DNDEBUG -g -O3 -Wall    -std=c11 -Wextra -Wno-unused-parameter -Wno-missing-field-initializers -Wstrict-prototypes -Werror=implicit-function-declaration -fvisibility=hidden  -I./Include/internal -I./Include/internal/mimalloc  -I. -I./Include    -DPy_BUILD_CORE -o Parser/myreadline.o Parser/myreadline.c
gcc -c -fno-strict-overflow -Wsign-compare -DNDEBUG -g -O3 -Wall    -std=c11 -Wextra -Wno-unused-parameter -Wno-missing-field-initializers -Wstrict-prototypes -Werror=implicit-function-declaration -fvisibility=hidden  -I./Include/internal -I./Include/internal/mimalloc  -I. -I./Include    -DPy_BUILD_CORE -o Objects/abstract.o Objects/abstract.c
gcc -c -fno-strict-overflow -Wsign-compare -DNDEBUG -g -O3 -Wall    -std=c11 -Wextra -Wno-unused-parameter -Wno-missing-field-initializers -Wstrict-prototypes -Werror=implicit-function-declaration -fvisibility=hidden  -I./Include/internal -I./Include/internal/mimalloc  -I. -I./Include    -DPy_BUILD_CORE -o Objects/boolobject.o Objects/boolobject.c
gcc -c -fno-strict-overflow -Wsign-compare -DNDEBUG -g -O3 -Wall    -std=c11 -Wextra -Wno-unused-parameter -Wno-missing-field-initializers -Wstrict-prototypes -Werror=implicit-function-declaration -fvisibility=hidden  -I./Include/internal -I./Include/internal/mimalloc  -I. -I./Include    -DPy_BUILD_CORE -o Objects/bytes_methods.o Objects/bytes_methods.c
gcc -c -fno-strict-overflow -Wsign-compare -DNDEBUG -g -O3 -Wall    -std=c11 -Wextra -Wno-unused-parameter -Wno-missing-field-initializers -Wstrict-prototypes -Werror=implicit-function-declaration -fvisibility=hidden  -I./Include/internal -I./Include/internal/mimalloc  -I. -I./Include    -DPy_BUILD_CORE -o Objects/bytearrayobject.o Objects/bytearrayobject.c
gcc -c -fno-strict-overflow -Wsign-compare -DNDEBUG -g -O3 -Wall    -std=c11 -Wextra -Wno-unused-parameter -Wno-missing-field-initializers -Wstrict-prototypes -Werror=implicit-function-declaration -fvisibility=hidden  -I./Include/internal -I./Include/internal/mimalloc  -I. -I./Include    -DPy_BUILD_CORE -o Objects/bytesobject.o Objects/bytesobject.c
gcc -c -fno-strict-overflow -Wsign-compare -DNDEBUG -g -O3 -Wall    -std=c11 -Wextra -Wno-unused-parameter -Wno-missing-field-initializers -Wstrict-prototypes -Werror=implicit-function-declaration -fvisibility=hidden  -I./Include/internal -I./Include/internal/mimalloc  -I. -I./Include    -DPy_BUILD_CORE -o Objects/call.o Objects/call.c
gcc -c -fno-strict-overflow -Wsign-compare -DNDEBUG -g -O3 -Wall    -std=c11 -Wextra -Wno-unused-parameter -Wno-missing-field-initializers -Wstrict-prototypes -Werror=implicit-function-declaration -fvisibility=hidden  -I./Include/internal -I./Include/internal/mimalloc  -I. -I./Include    -DPy_BUILD_CORE -o Objects/capsule.o Objects/capsule.c
gcc -c -fno-strict-overflow -Wsign-compare -DNDEBUG -g -O3 -Wall    -std=c11 -Wextra -Wno-unused-parameter -Wno-missing-field-initializers -Wstrict-prototypes -Werror=implicit-function-declaration -fvisibility=hidden  -I./Include/internal -I./Include/internal/mimalloc  -I. -I./Include    -DPy_BUILD_CORE -o Objects/cellobject.o Objects/cellobject.c
gcc -c -fno-strict-overflow -Wsign-compare -DNDEBUG -g -O3 -Wall    -std=c11 -Wextra -Wno-unused-parameter -Wno-missing-field-initializers -Wstrict-prototypes -Werror=implicit-function-declaration -fvisibility=hidden  -I./Include/internal -I./Include/internal/mimalloc  -I. -I./Include    -DPy_BUILD_CORE -o Objects/classobject.o Objects/classobject.c
gcc -c -fno-strict-overflow -Wsign-compare -DNDEBUG -g -O3 -Wall    -std=c11 -Wextra -Wno-unused-parameter -Wno-missing-field-initializers -Wstrict-prototypes -Werror=implicit-function-declaration -fvisibility=hidden  -I./Include/internal -I./Include/internal/mimalloc  -I. -I./Include    -DPy_BUILD_CORE -o Objects/codeobject.o Objects/codeobject.c
gcc -c -fno-strict-overflow -Wsign-compare -DNDEBUG -g -O3 -Wall    -std=c11 -Wextra -Wno-unused-parameter -Wno-missing-field-initializers -Wstrict-prototypes -Werror=implicit-function-declaration -fvisibility=hidden  -I./Include/internal -I./Include/internal/mimalloc  -I. -I./Include    -DPy_BUILD_CORE -o Objects/complexobject.o Objects/complexobject.c
gcc -c -fno-strict-overflow -Wsign-compare -DNDEBUG -g -O3 -Wall    -std=c11 -Wextra -Wno-unused-parameter -Wno-missing-field-initializers -Wstrict-prototypes -Werror=implicit-function-declaration -fvisibility=hidden  -I./Include/internal -I./Include/internal/mimalloc  -I. -I./Include    -DPy_BUILD_CORE -o Objects/descrobject.o Objects/descrobject.c
gcc -c -fno-strict-overflow -Wsign-compare -DNDEBUG -g -O3 -Wall    -std=c11 -Wextra -Wno-unused-parameter -Wno-missing-field-initializers -Wstrict-prototypes -Werror=implicit-function-declaration -fvisibility=hidden  -I./Include/internal -I./Include/internal/mimalloc  -I. -I./Include    -DPy_BUILD_CORE -o Objects/enumobject.o Objects/enumobject.c
gcc -c -fno-strict-overflow -Wsign-compare -DNDEBUG -g -O3 -Wall    -std=c11 -Wextra -Wno-unused-parameter -Wno-missing-field-initializers -Wstrict-prototypes -Werror=implicit-function-declaration -fvisibility=hidden  -I./Include/internal -I./Include/internal/mimalloc  -I. -I./Include    -DPy_BUILD_CORE -o Objects/exceptions.o Objects/exceptions.c
gcc -c -fno-strict-overflow -Wsign-compare -DNDEBUG -g -O3 -Wall    -std=c11 -Wextra -Wno-unused-parameter -Wno-missing-field-initializers -Wstrict-prototypes -Werror=implicit-function-declaration -fvisibility=hidden  -I./Include/internal -I./Include/internal/mimalloc  -I. -I./Include    -DPy_BUILD_CORE -o Objects/genericaliasobject.o Objects/genericaliasobject.c
gcc -c -fno-strict-overflow -Wsign-compare -DNDEBUG -g -O3 -Wall    -std=c11 -Wextra -Wno-unused-parameter -Wno-missing-field-initializers -Wstrict-prototypes -Werror=implicit-function-declaration -fvisibility=hidden  -I./Include/internal -I./Include/internal/mimalloc  -I. -I./Include    -DPy_BUILD_CORE -o Objects/genobject.o Objects/genobject.c
gcc -c -fno-strict-overflow -Wsign-compare -DNDEBUG -g -O3 -Wall    -std=c11 -Wextra -Wno-unused-parameter -Wno-missing-field-initializers -Wstrict-prototypes -Werror=implicit-function-declaration -fvisibility=hidden  -I./Include/internal -I./Include/internal/mimalloc  -I. -I./Include    -DPy_BUILD_CORE -o Objects/fileobject.o Objects/fileobject.c
gcc -c -fno-strict-overflow -Wsign-compare -DNDEBUG -g -O3 -Wall    -std=c11 -Wextra -Wno-unused-parameter -Wno-missing-field-initializers -Wstrict-prototypes -Werror=implicit-function-declaration -fvisibility=hidden  -I./Include/internal -I./Include/internal/mimalloc  -I. -I./Include    -DPy_BUILD_CORE -o Objects/floatobject.o Objects/floatobject.c
gcc -c -fno-strict-overflow -Wsign-compare -DNDEBUG -g -O3 -Wall    -std=c11 -Wextra -Wno-unused-parameter -Wno-missing-field-initializers -Wstrict-prototypes -Werror=implicit-function-declaration -fvisibility=hidden  -I./Include/internal -I./Include/internal/mimalloc  -I. -I./Include    -DPy_BUILD_CORE -o Objects/frameobject.o Objects/frameobject.c
gcc -c -fno-strict-overflow -Wsign-compare -DNDEBUG -g -O3 -Wall    -std=c11 -Wextra -Wno-unused-parameter -Wno-missing-field-initializers -Wstrict-prototypes -Werror=implicit-function-declaration -fvisibility=hidden  -I./Include/internal -I./Include/internal/mimalloc  -I. -I./Include    -DPy_BUILD_CORE -o Objects/funcobject.o Objects/funcobject.c
gcc -c -fno-strict-overflow -Wsign-compare -DNDEBUG -g -O3 -Wall    -std=c11 -Wextra -Wno-unused-parameter -Wno-missing-field-initializers -Wstrict-prototypes -Werror=implicit-function-declaration -fvisibility=hidden  -I./Include/internal -I./Include/internal/mimalloc  -I. -I./Include    -DPy_BUILD_CORE -o Objects/interpolationobject.o Objects/interpolationobject.c
gcc -c -fno-strict-overflow -Wsign-compare -DNDEBUG -g -O3 -Wall    -std=c11 -Wextra -Wno-unused-parameter -Wno-missing-field-initializers -Wstrict-prototypes -Werror=implicit-function-declaration -fvisibility=hidden  -I./Include/internal -I./Include/internal/mimalloc  -I. -I./Include    -DPy_BUILD_CORE -o Objects/iterobject.o Objects/iterobject.c
gcc -c -fno-strict-overflow -Wsign-compare -DNDEBUG -g -O3 -Wall    -std=c11 -Wextra -Wno-unused-parameter -Wno-missing-field-initializers -Wstrict-prototypes -Werror=implicit-function-declaration -fvisibility=hidden  -I./Include/internal -I./Include/internal/mimalloc  -I. -I./Include    -DPy_BUILD_CORE -o Objects/listobject.o Objects/listobject.c
gcc -c -fno-strict-overflow -Wsign-compare -DNDEBUG -g -O3 -Wall    -std=c11 -Wextra -Wno-unused-parameter -Wno-missing-field-initializers -Wstrict-prototypes -Werror=implicit-function-declaration -fvisibility=hidden  -I./Include/internal -I./Include/internal/mimalloc  -I. -I./Include    -DPy_BUILD_CORE -o Objects/longobject.o Objects/longobject.c
gcc -c -fno-strict-overflow -Wsign-compare -DNDEBUG -g -O3 -Wall    -std=c11 -Wextra -Wno-unused-parameter -Wno-missing-field-initializers -Wstrict-prototypes -Werror=implicit-function-declaration -fvisibility=hidden  -I./Include/internal -I./Include/internal/mimalloc  -I. -I./Include    -DPy_BUILD_CORE -o Objects/dictobject.o Objects/dictobject.c
gcc -c -fno-strict-overflow -Wsign-compare -DNDEBUG -g -O3 -Wall    -std=c11 -Wextra -Wno-unused-parameter -Wno-missing-field-initializers -Wstrict-prototypes -Werror=implicit-function-declaration -fvisibility=hidden  -I./Include/internal -I./Include/internal/mimalloc  -I. -I./Include    -DPy_BUILD_CORE -o Objects/odictobject.o Objects/odictobject.c
gcc -c -fno-strict-overflow -Wsign-compare -DNDEBUG -g -O3 -Wall    -std=c11 -Wextra -Wno-unused-parameter -Wno-missing-field-initializers -Wstrict-prototypes -Werror=implicit-function-declaration -fvisibility=hidden  -I./Include/internal -I./Include/internal/mimalloc  -I. -I./Include    -DPy_BUILD_CORE -o Objects/memoryobject.o Objects/memoryobject.c
gcc -c -fno-strict-overflow -Wsign-compare -DNDEBUG -g -O3 -Wall    -std=c11 -Wextra -Wno-unused-parameter -Wno-missing-field-initializers -Wstrict-prototypes -Werror=implicit-function-declaration -fvisibility=hidden  -I./Include/internal -I./Include/internal/mimalloc  -I. -I./Include    -DPy_BUILD_CORE -o Objects/methodobject.o Objects/methodobject.c
gcc -c -fno-strict-overflow -Wsign-compare -DNDEBUG -g -O3 -Wall    -std=c11 -Wextra -Wno-unused-parameter -Wno-missing-field-initializers -Wstrict-prototypes -Werror=implicit-function-declaration -fvisibility=hidden  -I./Include/internal -I./Include/internal/mimalloc  -I. -I./Include    -DPy_BUILD_CORE -o Objects/moduleobject.o Objects/moduleobject.c
gcc -c -fno-strict-overflow -Wsign-compare -DNDEBUG -g -O3 -Wall    -std=c11 -Wextra -Wno-unused-parameter -Wno-missing-field-initializers -Wstrict-prototypes -Werror=implicit-function-declaration -fvisibility=hidden  -I./Include/internal -I./Include/internal/mimalloc  -I. -I./Include    -DPy_BUILD_CORE -o Objects/namespaceobject.o Objects/namespaceobject.c
gcc -c -fno-strict-overflow -Wsign-compare -DNDEBUG -g -O3 -Wall    -std=c11 -Wextra -Wno-unused-parameter -Wno-missing-field-initializers -Wstrict-prototypes -Werror=implicit-function-declaration -fvisibility=hidden  -I./Include/internal -I./Include/internal/mimalloc  -I. -I./Include    -DPy_BUILD_CORE -o Objects/object.o Objects/object.c
gcc -c -fno-strict-overflow -Wsign-compare -DNDEBUG -g -O3 -Wall    -std=c11 -Wextra -Wno-unused-parameter -Wno-missing-field-initializers -Wstrict-prototypes -Werror=implicit-function-declaration -fvisibility=hidden  -I./Include/internal -I./Include/internal/mimalloc  -I. -I./Include    -DPy_BUILD_CORE -o Objects/obmalloc.o Objects/obmalloc.c
gcc -c -fno-strict-overflow -Wsign-compare -DNDEBUG -g -O3 -Wall    -std=c11 -Wextra -Wno-unused-parameter -Wno-missing-field-initializers -Wstrict-prototypes -Werror=implicit-function-declaration -fvisibility=hidden  -I./Include/internal -I./Include/internal/mimalloc  -I. -I./Include    -DPy_BUILD_CORE -o Objects/picklebufobject.o Objects/picklebufobject.c
gcc -c -fno-strict-overflow -Wsign-compare -DNDEBUG -g -O3 -Wall    -std=c11 -Wextra -Wno-unused-parameter -Wno-missing-field-initializers -Wstrict-prototypes -Werror=implicit-function-declaration -fvisibility=hidden  -I./Include/internal -I./Include/internal/mimalloc  -I. -I./Include    -DPy_BUILD_CORE -o Objects/rangeobject.o Objects/rangeobject.c
Objects/obmalloc.c: In function '_PyDebugAllocatorStats':
Objects/obmalloc.c:3315:30: warning: unknown conversion type character 'z' in format [-Wformat=]
 3315 |                   "%d %ss * %zd bytes each",
      |                              ^
Objects/obmalloc.c:3315:19: warning: too many arguments for format [-Wformat-extra-args]
 3315 |                   "%d %ss * %zd bytes each",
      |                   ^~~~~~~~~~~~~~~~~~~~~~~~~
Objects/obmalloc.c: In function 'pymalloc_print_stats':
Objects/obmalloc.c:3597:21: warning: unknown conversion type character 'z' in format [-Wformat=]
 3597 |                   "%zu arenas * %d bytes/arena",
      |                     ^
Objects/obmalloc.c:3597:34: warning: format '%d' expects argument of type 'int', but argument 4 has type 'size_t' {aka 'long long unsigned int'} [-Wformat=]
 3597 |                   "%zu arenas * %d bytes/arena",
      |                                 ~^
      |                                  |
      |                                  int
      |                                 %lld
 3598 |                   narenas, ARENA_SIZE);
      |                   ~~~~~~~         
      |                   |
      |                   size_t {aka long long unsigned int}
Objects/obmalloc.c:3597:19: warning: too many arguments for format [-Wformat-extra-args]
 3597 |                   "%zu arenas * %d bytes/arena",
      |                   ^~~~~~~~~~~~~~~~~~~~~~~~~~~~~
gcc -c -fno-strict-overflow -Wsign-compare -DNDEBUG -g -O3 -Wall    -std=c11 -Wextra -Wno-unused-parameter -Wno-missing-field-initializers -Wstrict-prototypes -Werror=implicit-function-declaration -fvisibility=hidden  -I./Include/internal -I./Include/internal/mimalloc  -I. -I./Include    -DPy_BUILD_CORE -o Objects/setobject.o Objects/setobject.c
gcc -c -fno-strict-overflow -Wsign-compare -DNDEBUG -g -O3 -Wall    -std=c11 -Wextra -Wno-unused-parameter -Wno-missing-field-initializers -Wstrict-prototypes -Werror=implicit-function-declaration -fvisibility=hidden  -I./Include/internal -I./Include/internal/mimalloc  -I. -I./Include    -DPy_BUILD_CORE -o Objects/sliceobject.o Objects/sliceobject.c
gcc -c -fno-strict-overflow -Wsign-compare -DNDEBUG -g -O3 -Wall    -std=c11 -Wextra -Wno-unused-parameter -Wno-missing-field-initializers -Wstrict-prototypes -Werror=implicit-function-declaration -fvisibility=hidden  -I./Include/internal -I./Include/internal/mimalloc  -I. -I./Include    -DPy_BUILD_CORE -o Objects/structseq.o Objects/structseq.c
gcc -c -fno-strict-overflow -Wsign-compare -DNDEBUG -g -O3 -Wall    -std=c11 -Wextra -Wno-unused-parameter -Wno-missing-field-initializers -Wstrict-prototypes -Werror=implicit-function-declaration -fvisibility=hidden  -I./Include/internal -I./Include/internal/mimalloc  -I. -I./Include    -DPy_BUILD_CORE -o Objects/templateobject.o Objects/templateobject.c
gcc -c -fno-strict-overflow -Wsign-compare -DNDEBUG -g -O3 -Wall    -std=c11 -Wextra -Wno-unused-parameter -Wno-missing-field-initializers -Wstrict-prototypes -Werror=implicit-function-declaration -fvisibility=hidden  -I./Include/internal -I./Include/internal/mimalloc  -I. -I./Include    -DPy_BUILD_CORE -o Objects/tupleobject.o Objects/tupleobject.c
gcc -c -fno-strict-overflow -Wsign-compare -DNDEBUG -g -O3 -Wall    -std=c11 -Wextra -Wno-unused-parameter -Wno-missing-field-initializers -Wstrict-prototypes -Werror=implicit-function-declaration -fvisibility=hidden  -I./Include/internal -I./Include/internal/mimalloc  -I. -I./Include    -DPy_BUILD_CORE -o Objects/typeobject.o Objects/typeobject.c
gcc -c -fno-strict-overflow -Wsign-compare -DNDEBUG -g -O3 -Wall    -std=c11 -Wextra -Wno-unused-parameter -Wno-missing-field-initializers -Wstrict-prototypes -Werror=implicit-function-declaration -fvisibility=hidden  -I./Include/internal -I./Include/internal/mimalloc  -I. -I./Include    -DPy_BUILD_CORE -o Objects/typevarobject.o Objects/typevarobject.c
gcc -c -fno-strict-overflow -Wsign-compare -DNDEBUG -g -O3 -Wall    -std=c11 -Wextra -Wno-unused-parameter -Wno-missing-field-initializers -Wstrict-prototypes -Werror=implicit-function-declaration -fvisibility=hidden  -I./Include/internal -I./Include/internal/mimalloc  -I. -I./Include    -DPy_BUILD_CORE -o Objects/unicodeobject.o Objects/unicodeobject.c
gcc -c -fno-strict-overflow -Wsign-compare -DNDEBUG -g -O3 -Wall    -std=c11 -Wextra -Wno-unused-parameter -Wno-missing-field-initializers -Wstrict-prototypes -Werror=implicit-function-declaration -fvisibility=hidden  -I./Include/internal -I./Include/internal/mimalloc  -I. -I./Include    -DPy_BUILD_CORE -o Objects/unicodectype.o Objects/unicodectype.c
gcc -c -fno-strict-overflow -Wsign-compare -DNDEBUG -g -O3 -Wall    -std=c11 -Wextra -Wno-unused-parameter -Wno-missing-field-initializers -Wstrict-prototypes -Werror=implicit-function-declaration -fvisibility=hidden  -I./Include/internal -I./Include/internal/mimalloc  -I. -I./Include    -DPy_BUILD_CORE -o Objects/unionobject.o Objects/unionobject.c
gcc -c -fno-strict-overflow -Wsign-compare -DNDEBUG -g -O3 -Wall    -std=c11 -Wextra -Wno-unused-parameter -Wno-missing-field-initializers -Wstrict-prototypes -Werror=implicit-function-declaration -fvisibility=hidden  -I./Include/internal -I./Include/internal/mimalloc  -I. -I./Include    -DPy_BUILD_CORE -o Objects/weakrefobject.o Objects/weakrefobject.c
gcc -c -fno-strict-overflow -Wsign-compare -DNDEBUG -g -O3 -Wall    -std=c11 -Wextra -Wno-unused-parameter -Wno-missing-field-initializers -Wstrict-prototypes -Werror=implicit-function-declaration -fvisibility=hidden  -I./Include/internal -I./Include/internal/mimalloc  -I. -I./Include    -DPy_BUILD_CORE -o Python/_contextvars.o Python/_contextvars.c
gcc -c -fno-strict-overflow -Wsign-compare -DNDEBUG -g -O3 -Wall    -std=c11 -Wextra -Wno-unused-parameter -Wno-missing-field-initializers -Wstrict-prototypes -Werror=implicit-function-declaration -fvisibility=hidden  -I./Include/internal -I./Include/internal/mimalloc  -I. -I./Include    -DPy_BUILD_CORE -o Python/_warnings.o Python/_warnings.c
gcc -c -fno-strict-overflow -Wsign-compare -DNDEBUG -g -O3 -Wall    -std=c11 -Wextra -Wno-unused-parameter -Wno-missing-field-initializers -Wstrict-prototypes -Werror=implicit-function-declaration -fvisibility=hidden  -I./Include/internal -I./Include/internal/mimalloc  -I. -I./Include    -DPy_BUILD_CORE -o Python/Python-ast.o Python/Python-ast.c
gcc -c -fno-strict-overflow -Wsign-compare -DNDEBUG -g -O3 -Wall    -std=c11 -Wextra -Wno-unused-parameter -Wno-missing-field-initializers -Wstrict-prototypes -Werror=implicit-function-declaration -fvisibility=hidden  -I./Include/internal -I./Include/internal/mimalloc  -I. -I./Include    -DPy_BUILD_CORE -o Python/Python-tokenize.o Python/Python-tokenize.c
gcc -c -fno-strict-overflow -Wsign-compare -DNDEBUG -g -O3 -Wall    -std=c11 -Wextra -Wno-unused-parameter -Wno-missing-field-initializers -Wstrict-prototypes -Werror=implicit-function-declaration -fvisibility=hidden  -I./Include/internal -I./Include/internal/mimalloc  -I. -I./Include    -DPy_BUILD_CORE -o Python/asdl.o Python/asdl.c
gcc -c -fno-strict-overflow -Wsign-compare -DNDEBUG -g -O3 -Wall    -std=c11 -Wextra -Wno-unused-parameter -Wno-missing-field-initializers -Wstrict-prototypes -Werror=implicit-function-declaration -fvisibility=hidden  -I./Include/internal -I./Include/internal/mimalloc  -I. -I./Include    -DPy_BUILD_CORE -o Python/assemble.o Python/assemble.c
gcc -c -fno-strict-overflow -Wsign-compare -DNDEBUG -g -O3 -Wall    -std=c11 -Wextra -Wno-unused-parameter -Wno-missing-field-initializers -Wstrict-prototypes -Werror=implicit-function-declaration -fvisibility=hidden  -I./Include/internal -I./Include/internal/mimalloc  -I. -I./Include    -DPy_BUILD_CORE -o Python/ast.o Python/ast.c
gcc -c -fno-strict-overflow -Wsign-compare -DNDEBUG -g -O3 -Wall    -std=c11 -Wextra -Wno-unused-parameter -Wno-missing-field-initializers -Wstrict-prototypes -Werror=implicit-function-declaration -fvisibility=hidden  -I./Include/internal -I./Include/internal/mimalloc  -I. -I./Include    -DPy_BUILD_CORE -o Python/ast_preprocess.o Python/ast_preprocess.c
gcc -c -fno-strict-overflow -Wsign-compare -DNDEBUG -g -O3 -Wall    -std=c11 -Wextra -Wno-unused-parameter -Wno-missing-field-initializers -Wstrict-prototypes -Werror=implicit-function-declaration -fvisibility=hidden  -I./Include/internal -I./Include/internal/mimalloc  -I. -I./Include    -DPy_BUILD_CORE -o Python/ast_unparse.o Python/ast_unparse.c
gcc -c -fno-strict-overflow -Wsign-compare -DNDEBUG -g -O3 -Wall    -std=c11 -Wextra -Wno-unused-parameter -Wno-missing-field-initializers -Wstrict-prototypes -Werror=implicit-function-declaration -fvisibility=hidden  -I./Include/internal -I./Include/internal/mimalloc  -I. -I./Include    -DPy_BUILD_CORE -o Python/bltinmodule.o Python/bltinmodule.c
gcc -c -fno-strict-overflow -Wsign-compare -DNDEBUG -g -O3 -Wall    -std=c11 -Wextra -Wno-unused-parameter -Wno-missing-field-initializers -Wstrict-prototypes -Werror=implicit-function-declaration -fvisibility=hidden  -I./Include/internal -I./Include/internal/mimalloc  -I. -I./Include    -DPy_BUILD_CORE -o Python/brc.o Python/brc.c
gcc -c -fno-strict-overflow -Wsign-compare -DNDEBUG -g -O3 -Wall    -std=c11 -Wextra -Wno-unused-parameter -Wno-missing-field-initializers -Wstrict-prototypes -Werror=implicit-function-declaration -fvisibility=hidden  -I./Include/internal -I./Include/internal/mimalloc  -I. -I./Include    -DPy_BUILD_CORE  -o Python/ceval.o Python/ceval.c
gcc -c -fno-strict-overflow -Wsign-compare -DNDEBUG -g -O3 -Wall    -std=c11 -Wextra -Wno-unused-parameter -Wno-missing-field-initializers -Wstrict-prototypes -Werror=implicit-function-declaration -fvisibility=hidden  -I./Include/internal -I./Include/internal/mimalloc  -I. -I./Include    -DPy_BUILD_CORE -o Python/codecs.o Python/codecs.c
gcc -c -fno-strict-overflow -Wsign-compare -DNDEBUG -g -O3 -Wall    -std=c11 -Wextra -Wno-unused-parameter -Wno-missing-field-initializers -Wstrict-prototypes -Werror=implicit-function-declaration -fvisibility=hidden  -I./Include/internal -I./Include/internal/mimalloc  -I. -I./Include    -DPy_BUILD_CORE -o Python/codegen.o Python/codegen.c
gcc -c -fno-strict-overflow -Wsign-compare -DNDEBUG -g -O3 -Wall    -std=c11 -Wextra -Wno-unused-parameter -Wno-missing-field-initializers -Wstrict-prototypes -Werror=implicit-function-declaration -fvisibility=hidden  -I./Include/internal -I./Include/internal/mimalloc  -I. -I./Include    -DPy_BUILD_CORE -o Python/compile.o Python/compile.c
Python/ceval.c: In function 'hardware_stack_limits':
Python/ceval.c:446:5: error: implicit declaration of function 'GetCurrentThreadStackLimits' [-Wimplicit-function-declaration]
  446 |     GetCurrentThreadStackLimits(&low, &high);
      |     ^~~~~~~~~~~~~~~~~~~~~~~~~~~
make: *** [Makefile:3276：Python/ceval.o] 错误 1
make: *** 正在等待未完成的任务....
