gcc -c -fno-strict-overflow -Wsign-compare -DNDEBUG -g -O3 -Wall    -std=c11 -Wextra -Wno-unused-parameter -Wno-missing-field-initializers -Wstrict-prototypes -Werror=implicit-function-declaration -fvisibility=hidden -D_WIN32_WINNT=0x0A00 -DMS_WINDOWS -UPY_COERCE_C_LOCALE  -I./Include/internal -I./Include/internal/mimalloc  -I. -I./Include    -DPy_BUILD_CORE -o Programs/python.o ./Programs/python.c
gcc -c -fno-strict-overflow -Wsign-compare -DNDEBUG -g -O3 -Wall    -std=c11 -Wextra -Wno-unused-parameter -Wno-missing-field-initializers -Wstrict-prototypes -Werror=implicit-function-declaration -fvisibility=hidden -D_WIN32_WINNT=0x0A00 -DMS_WINDOWS -UPY_COERCE_C_LOCALE  -I./Include/internal -I./Include/internal/mimalloc  -I. -I./Include    -DPy_BUILD_CORE -o Parser/token.o Parser/token.c
gcc -c -fno-strict-overflow -Wsign-compare -DNDEBUG -g -O3 -Wall    -std=c11 -Wextra -Wno-unused-parameter -Wno-missing-field-initializers -Wstrict-prototypes -Werror=implicit-function-declaration -fvisibility=hidden -D_WIN32_WINNT=0x0A00 -DMS_WINDOWS -UPY_COERCE_C_LOCALE  -I./Include/internal -I./Include/internal/mimalloc  -I. -I./Include    -DPy_BUILD_CORE -o Parser/pegen.o Parser/pegen.c
gcc -c -fno-strict-overflow -Wsign-compare -DNDEBUG -g -O3 -Wall    -std=c11 -Wextra -Wno-unused-parameter -Wno-missing-field-initializers -Wstrict-prototypes -Werror=implicit-function-declaration -fvisibility=hidden -D_WIN32_WINNT=0x0A00 -DMS_WINDOWS -UPY_COERCE_C_LOCALE  -I./Include/internal -I./Include/internal/mimalloc  -I. -I./Include    -DPy_BUILD_CORE -o Parser/pegen_errors.o Parser/pegen_errors.c
gcc -c -fno-strict-overflow -Wsign-compare -DNDEBUG -g -O3 -Wall    -std=c11 -Wextra -Wno-unused-parameter -Wno-missing-field-initializers -Wstrict-prototypes -Werror=implicit-function-declaration -fvisibility=hidden -D_WIN32_WINNT=0x0A00 -DMS_WINDOWS -UPY_COERCE_C_LOCALE  -I./Include/internal -I./Include/internal/mimalloc  -I. -I./Include    -DPy_BUILD_CORE -o Parser/action_helpers.o Parser/action_helpers.c
gcc -c -fno-strict-overflow -Wsign-compare -DNDEBUG -g -O3 -Wall    -std=c11 -Wextra -Wno-unused-parameter -Wno-missing-field-initializers -Wstrict-prototypes -Werror=implicit-function-declaration -fvisibility=hidden -D_WIN32_WINNT=0x0A00 -DMS_WINDOWS -UPY_COERCE_C_LOCALE  -I./Include/internal -I./Include/internal/mimalloc  -I. -I./Include    -DPy_BUILD_CORE -o Parser/parser.o Parser/parser.c
gcc -c -fno-strict-overflow -Wsign-compare -DNDEBUG -g -O3 -Wall    -std=c11 -Wextra -Wno-unused-parameter -Wno-missing-field-initializers -Wstrict-prototypes -Werror=implicit-function-declaration -fvisibility=hidden -D_WIN32_WINNT=0x0A00 -DMS_WINDOWS -UPY_COERCE_C_LOCALE  -I./Include/internal -I./Include/internal/mimalloc  -I. -I./Include    -DPy_BUILD_CORE -o Parser/string_parser.o Parser/string_parser.c
gcc -c -fno-strict-overflow -Wsign-compare -DNDEBUG -g -O3 -Wall    -std=c11 -Wextra -Wno-unused-parameter -Wno-missing-field-initializers -Wstrict-prototypes -Werror=implicit-function-declaration -fvisibility=hidden -D_WIN32_WINNT=0x0A00 -DMS_WINDOWS -UPY_COERCE_C_LOCALE  -I./Include/internal -I./Include/internal/mimalloc  -I. -I./Include    -DPy_BUILD_CORE -o Parser/peg_api.o Parser/peg_api.c
gcc -c -fno-strict-overflow -Wsign-compare -DNDEBUG -g -O3 -Wall    -std=c11 -Wextra -Wno-unused-parameter -Wno-missing-field-initializers -Wstrict-prototypes -Werror=implicit-function-declaration -fvisibility=hidden -D_WIN32_WINNT=0x0A00 -DMS_WINDOWS -UPY_COERCE_C_LOCALE  -I./Include/internal -I./Include/internal/mimalloc  -I. -I./Include    -DPy_BUILD_CORE -o Parser/lexer/buffer.o Parser/lexer/buffer.c
gcc -c -fno-strict-overflow -Wsign-compare -DNDEBUG -g -O3 -Wall    -std=c11 -Wextra -Wno-unused-parameter -Wno-missing-field-initializers -Wstrict-prototypes -Werror=implicit-function-declaration -fvisibility=hidden -D_WIN32_WINNT=0x0A00 -DMS_WINDOWS -UPY_COERCE_C_LOCALE  -I./Include/internal -I./Include/internal/mimalloc  -I. -I./Include    -DPy_BUILD_CORE -o Parser/lexer/lexer.o Parser/lexer/lexer.c
gcc -c -fno-strict-overflow -Wsign-compare -DNDEBUG -g -O3 -Wall    -std=c11 -Wextra -Wno-unused-parameter -Wno-missing-field-initializers -Wstrict-prototypes -Werror=implicit-function-declaration -fvisibility=hidden -D_WIN32_WINNT=0x0A00 -DMS_WINDOWS -UPY_COERCE_C_LOCALE  -I./Include/internal -I./Include/internal/mimalloc  -I. -I./Include    -DPy_BUILD_CORE -o Parser/lexer/state.o Parser/lexer/state.c
gcc -c -fno-strict-overflow -Wsign-compare -DNDEBUG -g -O3 -Wall    -std=c11 -Wextra -Wno-unused-parameter -Wno-missing-field-initializers -Wstrict-prototypes -Werror=implicit-function-declaration -fvisibility=hidden -D_WIN32_WINNT=0x0A00 -DMS_WINDOWS -UPY_COERCE_C_LOCALE  -I./Include/internal -I./Include/internal/mimalloc  -I. -I./Include    -DPy_BUILD_CORE -o Parser/tokenizer/file_tokenizer.o Parser/tokenizer/file_tokenizer.c
gcc -c -fno-strict-overflow -Wsign-compare -DNDEBUG -g -O3 -Wall    -std=c11 -Wextra -Wno-unused-parameter -Wno-missing-field-initializers -Wstrict-prototypes -Werror=implicit-function-declaration -fvisibility=hidden -D_WIN32_WINNT=0x0A00 -DMS_WINDOWS -UPY_COERCE_C_LOCALE  -I./Include/internal -I./Include/internal/mimalloc  -I. -I./Include    -DPy_BUILD_CORE -o Parser/tokenizer/readline_tokenizer.o Parser/tokenizer/readline_tokenizer.c
gcc -c -fno-strict-overflow -Wsign-compare -DNDEBUG -g -O3 -Wall    -std=c11 -Wextra -Wno-unused-parameter -Wno-missing-field-initializers -Wstrict-prototypes -Werror=implicit-function-declaration -fvisibility=hidden -D_WIN32_WINNT=0x0A00 -DMS_WINDOWS -UPY_COERCE_C_LOCALE  -I./Include/internal -I./Include/internal/mimalloc  -I. -I./Include    -DPy_BUILD_CORE -o Parser/tokenizer/string_tokenizer.o Parser/tokenizer/string_tokenizer.c
gcc -c -fno-strict-overflow -Wsign-compare -DNDEBUG -g -O3 -Wall    -std=c11 -Wextra -Wno-unused-parameter -Wno-missing-field-initializers -Wstrict-prototypes -Werror=implicit-function-declaration -fvisibility=hidden -D_WIN32_WINNT=0x0A00 -DMS_WINDOWS -UPY_COERCE_C_LOCALE  -I./Include/internal -I./Include/internal/mimalloc  -I. -I./Include    -DPy_BUILD_CORE -o Parser/tokenizer/utf8_tokenizer.o Parser/tokenizer/utf8_tokenizer.c
gcc -c -fno-strict-overflow -Wsign-compare -DNDEBUG -g -O3 -Wall    -std=c11 -Wextra -Wno-unused-parameter -Wno-missing-field-initializers -Wstrict-prototypes -Werror=implicit-function-declaration -fvisibility=hidden -D_WIN32_WINNT=0x0A00 -DMS_WINDOWS -UPY_COERCE_C_LOCALE  -I./Include/internal -I./Include/internal/mimalloc  -I. -I./Include    -DPy_BUILD_CORE -o Parser/tokenizer/helpers.o Parser/tokenizer/helpers.c
gcc -c -fno-strict-overflow -Wsign-compare -DNDEBUG -g -O3 -Wall    -std=c11 -Wextra -Wno-unused-parameter -Wno-missing-field-initializers -Wstrict-prototypes -Werror=implicit-function-declaration -fvisibility=hidden -D_WIN32_WINNT=0x0A00 -DMS_WINDOWS -UPY_COERCE_C_LOCALE  -I./Include/internal -I./Include/internal/mimalloc  -I. -I./Include    -DPy_BUILD_CORE -o Parser/myreadline.o Parser/myreadline.c
gcc -c -fno-strict-overflow -Wsign-compare -DNDEBUG -g -O3 -Wall    -std=c11 -Wextra -Wno-unused-parameter -Wno-missing-field-initializers -Wstrict-prototypes -Werror=implicit-function-declaration -fvisibility=hidden -D_WIN32_WINNT=0x0A00 -DMS_WINDOWS -UPY_COERCE_C_LOCALE  -I./Include/internal -I./Include/internal/mimalloc  -I. -I./Include    -DPy_BUILD_CORE -o Objects/abstract.o Objects/abstract.c
gcc -c -fno-strict-overflow -Wsign-compare -DNDEBUG -g -O3 -Wall    -std=c11 -Wextra -Wno-unused-parameter -Wno-missing-field-initializers -Wstrict-prototypes -Werror=implicit-function-declaration -fvisibility=hidden -D_WIN32_WINNT=0x0A00 -DMS_WINDOWS -UPY_COERCE_C_LOCALE  -I./Include/internal -I./Include/internal/mimalloc  -I. -I./Include    -DPy_BUILD_CORE -o Objects/boolobject.o Objects/boolobject.c
gcc -c -fno-strict-overflow -Wsign-compare -DNDEBUG -g -O3 -Wall    -std=c11 -Wextra -Wno-unused-parameter -Wno-missing-field-initializers -Wstrict-prototypes -Werror=implicit-function-declaration -fvisibility=hidden -D_WIN32_WINNT=0x0A00 -DMS_WINDOWS -UPY_COERCE_C_LOCALE  -I./Include/internal -I./Include/internal/mimalloc  -I. -I./Include    -DPy_BUILD_CORE -o Objects/bytes_methods.o Objects/bytes_methods.c
gcc -c -fno-strict-overflow -Wsign-compare -DNDEBUG -g -O3 -Wall    -std=c11 -Wextra -Wno-unused-parameter -Wno-missing-field-initializers -Wstrict-prototypes -Werror=implicit-function-declaration -fvisibility=hidden -D_WIN32_WINNT=0x0A00 -DMS_WINDOWS -UPY_COERCE_C_LOCALE  -I./Include/internal -I./Include/internal/mimalloc  -I. -I./Include    -DPy_BUILD_CORE -o Objects/bytearrayobject.o Objects/bytearrayobject.c
gcc -c -fno-strict-overflow -Wsign-compare -DNDEBUG -g -O3 -Wall    -std=c11 -Wextra -Wno-unused-parameter -Wno-missing-field-initializers -Wstrict-prototypes -Werror=implicit-function-declaration -fvisibility=hidden -D_WIN32_WINNT=0x0A00 -DMS_WINDOWS -UPY_COERCE_C_LOCALE  -I./Include/internal -I./Include/internal/mimalloc  -I. -I./Include    -DPy_BUILD_CORE -o Objects/bytesobject.o Objects/bytesobject.c
gcc -c -fno-strict-overflow -Wsign-compare -DNDEBUG -g -O3 -Wall    -std=c11 -Wextra -Wno-unused-parameter -Wno-missing-field-initializers -Wstrict-prototypes -Werror=implicit-function-declaration -fvisibility=hidden -D_WIN32_WINNT=0x0A00 -DMS_WINDOWS -UPY_COERCE_C_LOCALE  -I./Include/internal -I./Include/internal/mimalloc  -I. -I./Include    -DPy_BUILD_CORE -o Objects/call.o Objects/call.c
gcc -c -fno-strict-overflow -Wsign-compare -DNDEBUG -g -O3 -Wall    -std=c11 -Wextra -Wno-unused-parameter -Wno-missing-field-initializers -Wstrict-prototypes -Werror=implicit-function-declaration -fvisibility=hidden -D_WIN32_WINNT=0x0A00 -DMS_WINDOWS -UPY_COERCE_C_LOCALE  -I./Include/internal -I./Include/internal/mimalloc  -I. -I./Include    -DPy_BUILD_CORE -o Objects/capsule.o Objects/capsule.c
gcc -c -fno-strict-overflow -Wsign-compare -DNDEBUG -g -O3 -Wall    -std=c11 -Wextra -Wno-unused-parameter -Wno-missing-field-initializers -Wstrict-prototypes -Werror=implicit-function-declaration -fvisibility=hidden -D_WIN32_WINNT=0x0A00 -DMS_WINDOWS -UPY_COERCE_C_LOCALE  -I./Include/internal -I./Include/internal/mimalloc  -I. -I./Include    -DPy_BUILD_CORE -o Objects/cellobject.o Objects/cellobject.c
gcc -c -fno-strict-overflow -Wsign-compare -DNDEBUG -g -O3 -Wall    -std=c11 -Wextra -Wno-unused-parameter -Wno-missing-field-initializers -Wstrict-prototypes -Werror=implicit-function-declaration -fvisibility=hidden -D_WIN32_WINNT=0x0A00 -DMS_WINDOWS -UPY_COERCE_C_LOCALE  -I./Include/internal -I./Include/internal/mimalloc  -I. -I./Include    -DPy_BUILD_CORE -o Objects/classobject.o Objects/classobject.c
gcc -c -fno-strict-overflow -Wsign-compare -DNDEBUG -g -O3 -Wall    -std=c11 -Wextra -Wno-unused-parameter -Wno-missing-field-initializers -Wstrict-prototypes -Werror=implicit-function-declaration -fvisibility=hidden -D_WIN32_WINNT=0x0A00 -DMS_WINDOWS -UPY_COERCE_C_LOCALE  -I./Include/internal -I./Include/internal/mimalloc  -I. -I./Include    -DPy_BUILD_CORE -o Objects/codeobject.o Objects/codeobject.c
gcc -c -fno-strict-overflow -Wsign-compare -DNDEBUG -g -O3 -Wall    -std=c11 -Wextra -Wno-unused-parameter -Wno-missing-field-initializers -Wstrict-prototypes -Werror=implicit-function-declaration -fvisibility=hidden -D_WIN32_WINNT=0x0A00 -DMS_WINDOWS -UPY_COERCE_C_LOCALE  -I./Include/internal -I./Include/internal/mimalloc  -I. -I./Include    -DPy_BUILD_CORE -o Objects/complexobject.o Objects/complexobject.c
gcc -c -fno-strict-overflow -Wsign-compare -DNDEBUG -g -O3 -Wall    -std=c11 -Wextra -Wno-unused-parameter -Wno-missing-field-initializers -Wstrict-prototypes -Werror=implicit-function-declaration -fvisibility=hidden -D_WIN32_WINNT=0x0A00 -DMS_WINDOWS -UPY_COERCE_C_LOCALE  -I./Include/internal -I./Include/internal/mimalloc  -I. -I./Include    -DPy_BUILD_CORE -o Objects/descrobject.o Objects/descrobject.c
gcc -c -fno-strict-overflow -Wsign-compare -DNDEBUG -g -O3 -Wall    -std=c11 -Wextra -Wno-unused-parameter -Wno-missing-field-initializers -Wstrict-prototypes -Werror=implicit-function-declaration -fvisibility=hidden -D_WIN32_WINNT=0x0A00 -DMS_WINDOWS -UPY_COERCE_C_LOCALE  -I./Include/internal -I./Include/internal/mimalloc  -I. -I./Include    -DPy_BUILD_CORE -o Objects/enumobject.o Objects/enumobject.c
gcc -c -fno-strict-overflow -Wsign-compare -DNDEBUG -g -O3 -Wall    -std=c11 -Wextra -Wno-unused-parameter -Wno-missing-field-initializers -Wstrict-prototypes -Werror=implicit-function-declaration -fvisibility=hidden -D_WIN32_WINNT=0x0A00 -DMS_WINDOWS -UPY_COERCE_C_LOCALE  -I./Include/internal -I./Include/internal/mimalloc  -I. -I./Include    -DPy_BUILD_CORE -o Objects/exceptions.o Objects/exceptions.c
gcc -c -fno-strict-overflow -Wsign-compare -DNDEBUG -g -O3 -Wall    -std=c11 -Wextra -Wno-unused-parameter -Wno-missing-field-initializers -Wstrict-prototypes -Werror=implicit-function-declaration -fvisibility=hidden -D_WIN32_WINNT=0x0A00 -DMS_WINDOWS -UPY_COERCE_C_LOCALE  -I./Include/internal -I./Include/internal/mimalloc  -I. -I./Include    -DPy_BUILD_CORE -o Objects/genericaliasobject.o Objects/genericaliasobject.c
gcc -c -fno-strict-overflow -Wsign-compare -DNDEBUG -g -O3 -Wall    -std=c11 -Wextra -Wno-unused-parameter -Wno-missing-field-initializers -Wstrict-prototypes -Werror=implicit-function-declaration -fvisibility=hidden -D_WIN32_WINNT=0x0A00 -DMS_WINDOWS -UPY_COERCE_C_LOCALE  -I./Include/internal -I./Include/internal/mimalloc  -I. -I./Include    -DPy_BUILD_CORE -o Objects/genobject.o Objects/genobject.c
gcc -c -fno-strict-overflow -Wsign-compare -DNDEBUG -g -O3 -Wall    -std=c11 -Wextra -Wno-unused-parameter -Wno-missing-field-initializers -Wstrict-prototypes -Werror=implicit-function-declaration -fvisibility=hidden -D_WIN32_WINNT=0x0A00 -DMS_WINDOWS -UPY_COERCE_C_LOCALE  -I./Include/internal -I./Include/internal/mimalloc  -I. -I./Include    -DPy_BUILD_CORE -o Objects/fileobject.o Objects/fileobject.c
gcc -c -fno-strict-overflow -Wsign-compare -DNDEBUG -g -O3 -Wall    -std=c11 -Wextra -Wno-unused-parameter -Wno-missing-field-initializers -Wstrict-prototypes -Werror=implicit-function-declaration -fvisibility=hidden -D_WIN32_WINNT=0x0A00 -DMS_WINDOWS -UPY_COERCE_C_LOCALE  -I./Include/internal -I./Include/internal/mimalloc  -I. -I./Include    -DPy_BUILD_CORE -o Objects/floatobject.o Objects/floatobject.c
gcc -c -fno-strict-overflow -Wsign-compare -DNDEBUG -g -O3 -Wall    -std=c11 -Wextra -Wno-unused-parameter -Wno-missing-field-initializers -Wstrict-prototypes -Werror=implicit-function-declaration -fvisibility=hidden -D_WIN32_WINNT=0x0A00 -DMS_WINDOWS -UPY_COERCE_C_LOCALE  -I./Include/internal -I./Include/internal/mimalloc  -I. -I./Include    -DPy_BUILD_CORE -o Objects/frameobject.o Objects/frameobject.c
gcc -c -fno-strict-overflow -Wsign-compare -DNDEBUG -g -O3 -Wall    -std=c11 -Wextra -Wno-unused-parameter -Wno-missing-field-initializers -Wstrict-prototypes -Werror=implicit-function-declaration -fvisibility=hidden -D_WIN32_WINNT=0x0A00 -DMS_WINDOWS -UPY_COERCE_C_LOCALE  -I./Include/internal -I./Include/internal/mimalloc  -I. -I./Include    -DPy_BUILD_CORE -o Objects/funcobject.o Objects/funcobject.c
gcc -c -fno-strict-overflow -Wsign-compare -DNDEBUG -g -O3 -Wall    -std=c11 -Wextra -Wno-unused-parameter -Wno-missing-field-initializers -Wstrict-prototypes -Werror=implicit-function-declaration -fvisibility=hidden -D_WIN32_WINNT=0x0A00 -DMS_WINDOWS -UPY_COERCE_C_LOCALE  -I./Include/internal -I./Include/internal/mimalloc  -I. -I./Include    -DPy_BUILD_CORE -o Objects/interpolationobject.o Objects/interpolationobject.c
gcc -c -fno-strict-overflow -Wsign-compare -DNDEBUG -g -O3 -Wall    -std=c11 -Wextra -Wno-unused-parameter -Wno-missing-field-initializers -Wstrict-prototypes -Werror=implicit-function-declaration -fvisibility=hidden -D_WIN32_WINNT=0x0A00 -DMS_WINDOWS -UPY_COERCE_C_LOCALE  -I./Include/internal -I./Include/internal/mimalloc  -I. -I./Include    -DPy_BUILD_CORE -o Objects/iterobject.o Objects/iterobject.c
gcc -c -fno-strict-overflow -Wsign-compare -DNDEBUG -g -O3 -Wall    -std=c11 -Wextra -Wno-unused-parameter -Wno-missing-field-initializers -Wstrict-prototypes -Werror=implicit-function-declaration -fvisibility=hidden -D_WIN32_WINNT=0x0A00 -DMS_WINDOWS -UPY_COERCE_C_LOCALE  -I./Include/internal -I./Include/internal/mimalloc  -I. -I./Include    -DPy_BUILD_CORE -o Objects/listobject.o Objects/listobject.c
gcc -c -fno-strict-overflow -Wsign-compare -DNDEBUG -g -O3 -Wall    -std=c11 -Wextra -Wno-unused-parameter -Wno-missing-field-initializers -Wstrict-prototypes -Werror=implicit-function-declaration -fvisibility=hidden -D_WIN32_WINNT=0x0A00 -DMS_WINDOWS -UPY_COERCE_C_LOCALE  -I./Include/internal -I./Include/internal/mimalloc  -I. -I./Include    -DPy_BUILD_CORE -o Objects/longobject.o Objects/longobject.c
gcc -c -fno-strict-overflow -Wsign-compare -DNDEBUG -g -O3 -Wall    -std=c11 -Wextra -Wno-unused-parameter -Wno-missing-field-initializers -Wstrict-prototypes -Werror=implicit-function-declaration -fvisibility=hidden -D_WIN32_WINNT=0x0A00 -DMS_WINDOWS -UPY_COERCE_C_LOCALE  -I./Include/internal -I./Include/internal/mimalloc  -I. -I./Include    -DPy_BUILD_CORE -o Objects/dictobject.o Objects/dictobject.c
gcc -c -fno-strict-overflow -Wsign-compare -DNDEBUG -g -O3 -Wall    -std=c11 -Wextra -Wno-unused-parameter -Wno-missing-field-initializers -Wstrict-prototypes -Werror=implicit-function-declaration -fvisibility=hidden -D_WIN32_WINNT=0x0A00 -DMS_WINDOWS -UPY_COERCE_C_LOCALE  -I./Include/internal -I./Include/internal/mimalloc  -I. -I./Include    -DPy_BUILD_CORE -o Objects/odictobject.o Objects/odictobject.c
gcc -c -fno-strict-overflow -Wsign-compare -DNDEBUG -g -O3 -Wall    -std=c11 -Wextra -Wno-unused-parameter -Wno-missing-field-initializers -Wstrict-prototypes -Werror=implicit-function-declaration -fvisibility=hidden -D_WIN32_WINNT=0x0A00 -DMS_WINDOWS -UPY_COERCE_C_LOCALE  -I./Include/internal -I./Include/internal/mimalloc  -I. -I./Include    -DPy_BUILD_CORE -o Objects/memoryobject.o Objects/memoryobject.c
gcc -c -fno-strict-overflow -Wsign-compare -DNDEBUG -g -O3 -Wall    -std=c11 -Wextra -Wno-unused-parameter -Wno-missing-field-initializers -Wstrict-prototypes -Werror=implicit-function-declaration -fvisibility=hidden -D_WIN32_WINNT=0x0A00 -DMS_WINDOWS -UPY_COERCE_C_LOCALE  -I./Include/internal -I./Include/internal/mimalloc  -I. -I./Include    -DPy_BUILD_CORE -o Objects/methodobject.o Objects/methodobject.c
gcc -c -fno-strict-overflow -Wsign-compare -DNDEBUG -g -O3 -Wall    -std=c11 -Wextra -Wno-unused-parameter -Wno-missing-field-initializers -Wstrict-prototypes -Werror=implicit-function-declaration -fvisibility=hidden -D_WIN32_WINNT=0x0A00 -DMS_WINDOWS -UPY_COERCE_C_LOCALE  -I./Include/internal -I./Include/internal/mimalloc  -I. -I./Include    -DPy_BUILD_CORE -o Objects/moduleobject.o Objects/moduleobject.c
gcc -c -fno-strict-overflow -Wsign-compare -DNDEBUG -g -O3 -Wall    -std=c11 -Wextra -Wno-unused-parameter -Wno-missing-field-initializers -Wstrict-prototypes -Werror=implicit-function-declaration -fvisibility=hidden -D_WIN32_WINNT=0x0A00 -DMS_WINDOWS -UPY_COERCE_C_LOCALE  -I./Include/internal -I./Include/internal/mimalloc  -I. -I./Include    -DPy_BUILD_CORE -o Objects/namespaceobject.o Objects/namespaceobject.c
gcc -c -fno-strict-overflow -Wsign-compare -DNDEBUG -g -O3 -Wall    -std=c11 -Wextra -Wno-unused-parameter -Wno-missing-field-initializers -Wstrict-prototypes -Werror=implicit-function-declaration -fvisibility=hidden -D_WIN32_WINNT=0x0A00 -DMS_WINDOWS -UPY_COERCE_C_LOCALE  -I./Include/internal -I./Include/internal/mimalloc  -I. -I./Include    -DPy_BUILD_CORE -o Objects/object.o Objects/object.c
gcc -c -fno-strict-overflow -Wsign-compare -DNDEBUG -g -O3 -Wall    -std=c11 -Wextra -Wno-unused-parameter -Wno-missing-field-initializers -Wstrict-prototypes -Werror=implicit-function-declaration -fvisibility=hidden -D_WIN32_WINNT=0x0A00 -DMS_WINDOWS -UPY_COERCE_C_LOCALE  -I./Include/internal -I./Include/internal/mimalloc  -I. -I./Include    -DPy_BUILD_CORE -o Objects/obmalloc.o Objects/obmalloc.c
gcc -c -fno-strict-overflow -Wsign-compare -DNDEBUG -g -O3 -Wall    -std=c11 -Wextra -Wno-unused-parameter -Wno-missing-field-initializers -Wstrict-prototypes -Werror=implicit-function-declaration -fvisibility=hidden -D_WIN32_WINNT=0x0A00 -DMS_WINDOWS -UPY_COERCE_C_LOCALE  -I./Include/internal -I./Include/internal/mimalloc  -I. -I./Include    -DPy_BUILD_CORE -o Objects/picklebufobject.o Objects/picklebufobject.c
gcc -c -fno-strict-overflow -Wsign-compare -DNDEBUG -g -O3 -Wall    -std=c11 -Wextra -Wno-unused-parameter -Wno-missing-field-initializers -Wstrict-prototypes -Werror=implicit-function-declaration -fvisibility=hidden -D_WIN32_WINNT=0x0A00 -DMS_WINDOWS -UPY_COERCE_C_LOCALE  -I./Include/internal -I./Include/internal/mimalloc  -I. -I./Include    -DPy_BUILD_CORE -o Objects/rangeobject.o Objects/rangeobject.c
Objects/obmalloc.c: In function '_PyDebugAllocatorStats':
Objects/obmalloc.c:3315:30: warning: unknown conversion type character 'z' in format [-Wformat=]
 3315 |                   "%d %ss * %zd bytes each",
      |                              ^
Objects/obmalloc.c:3315:19: warning: too many arguments for format [-Wformat-extra-args]
 3315 |                   "%d %ss * %zd bytes each",
      |                   ^~~~~~~~~~~~~~~~~~~~~~~~~
Objects/obmalloc.c: In function 'pymalloc_print_stats':
Objects/obmalloc.c:3597:21: warning: unknown conversion type character 'z' in format [-Wformat=]
 3597 |                   "%zu arenas * %d bytes/arena",
      |                     ^
Objects/obmalloc.c:3597:34: warning: format '%d' expects argument of type 'int', but argument 4 has type 'size_t' {aka 'long long unsigned int'} [-Wformat=]
 3597 |                   "%zu arenas * %d bytes/arena",
      |                                 ~^
      |                                  |
      |                                  int
      |                                 %lld
 3598 |                   narenas, ARENA_SIZE);
      |                   ~~~~~~~         
      |                   |
      |                   size_t {aka long long unsigned int}
Objects/obmalloc.c:3597:19: warning: too many arguments for format [-Wformat-extra-args]
 3597 |                   "%zu arenas * %d bytes/arena",
      |                   ^~~~~~~~~~~~~~~~~~~~~~~~~~~~~
gcc -c -fno-strict-overflow -Wsign-compare -DNDEBUG -g -O3 -Wall    -std=c11 -Wextra -Wno-unused-parameter -Wno-missing-field-initializers -Wstrict-prototypes -Werror=implicit-function-declaration -fvisibility=hidden -D_WIN32_WINNT=0x0A00 -DMS_WINDOWS -UPY_COERCE_C_LOCALE  -I./Include/internal -I./Include/internal/mimalloc  -I. -I./Include    -DPy_BUILD_CORE -o Objects/setobject.o Objects/setobject.c
gcc -c -fno-strict-overflow -Wsign-compare -DNDEBUG -g -O3 -Wall    -std=c11 -Wextra -Wno-unused-parameter -Wno-missing-field-initializers -Wstrict-prototypes -Werror=implicit-function-declaration -fvisibility=hidden -D_WIN32_WINNT=0x0A00 -DMS_WINDOWS -UPY_COERCE_C_LOCALE  -I./Include/internal -I./Include/internal/mimalloc  -I. -I./Include    -DPy_BUILD_CORE -o Objects/sliceobject.o Objects/sliceobject.c
gcc -c -fno-strict-overflow -Wsign-compare -DNDEBUG -g -O3 -Wall    -std=c11 -Wextra -Wno-unused-parameter -Wno-missing-field-initializers -Wstrict-prototypes -Werror=implicit-function-declaration -fvisibility=hidden -D_WIN32_WINNT=0x0A00 -DMS_WINDOWS -UPY_COERCE_C_LOCALE  -I./Include/internal -I./Include/internal/mimalloc  -I. -I./Include    -DPy_BUILD_CORE -o Objects/structseq.o Objects/structseq.c
gcc -c -fno-strict-overflow -Wsign-compare -DNDEBUG -g -O3 -Wall    -std=c11 -Wextra -Wno-unused-parameter -Wno-missing-field-initializers -Wstrict-prototypes -Werror=implicit-function-declaration -fvisibility=hidden -D_WIN32_WINNT=0x0A00 -DMS_WINDOWS -UPY_COERCE_C_LOCALE  -I./Include/internal -I./Include/internal/mimalloc  -I. -I./Include    -DPy_BUILD_CORE -o Objects/templateobject.o Objects/templateobject.c
gcc -c -fno-strict-overflow -Wsign-compare -DNDEBUG -g -O3 -Wall    -std=c11 -Wextra -Wno-unused-parameter -Wno-missing-field-initializers -Wstrict-prototypes -Werror=implicit-function-declaration -fvisibility=hidden -D_WIN32_WINNT=0x0A00 -DMS_WINDOWS -UPY_COERCE_C_LOCALE  -I./Include/internal -I./Include/internal/mimalloc  -I. -I./Include    -DPy_BUILD_CORE -o Objects/tupleobject.o Objects/tupleobject.c
gcc -c -fno-strict-overflow -Wsign-compare -DNDEBUG -g -O3 -Wall    -std=c11 -Wextra -Wno-unused-parameter -Wno-missing-field-initializers -Wstrict-prototypes -Werror=implicit-function-declaration -fvisibility=hidden -D_WIN32_WINNT=0x0A00 -DMS_WINDOWS -UPY_COERCE_C_LOCALE  -I./Include/internal -I./Include/internal/mimalloc  -I. -I./Include    -DPy_BUILD_CORE -o Objects/typeobject.o Objects/typeobject.c
gcc -c -fno-strict-overflow -Wsign-compare -DNDEBUG -g -O3 -Wall    -std=c11 -Wextra -Wno-unused-parameter -Wno-missing-field-initializers -Wstrict-prototypes -Werror=implicit-function-declaration -fvisibility=hidden -D_WIN32_WINNT=0x0A00 -DMS_WINDOWS -UPY_COERCE_C_LOCALE  -I./Include/internal -I./Include/internal/mimalloc  -I. -I./Include    -DPy_BUILD_CORE -o Objects/typevarobject.o Objects/typevarobject.c
gcc -c -fno-strict-overflow -Wsign-compare -DNDEBUG -g -O3 -Wall    -std=c11 -Wextra -Wno-unused-parameter -Wno-missing-field-initializers -Wstrict-prototypes -Werror=implicit-function-declaration -fvisibility=hidden -D_WIN32_WINNT=0x0A00 -DMS_WINDOWS -UPY_COERCE_C_LOCALE  -I./Include/internal -I./Include/internal/mimalloc  -I. -I./Include    -DPy_BUILD_CORE -o Objects/unicodeobject.o Objects/unicodeobject.c
gcc -c -fno-strict-overflow -Wsign-compare -DNDEBUG -g -O3 -Wall    -std=c11 -Wextra -Wno-unused-parameter -Wno-missing-field-initializers -Wstrict-prototypes -Werror=implicit-function-declaration -fvisibility=hidden -D_WIN32_WINNT=0x0A00 -DMS_WINDOWS -UPY_COERCE_C_LOCALE  -I./Include/internal -I./Include/internal/mimalloc  -I. -I./Include    -DPy_BUILD_CORE -o Objects/unicodectype.o Objects/unicodectype.c
gcc -c -fno-strict-overflow -Wsign-compare -DNDEBUG -g -O3 -Wall    -std=c11 -Wextra -Wno-unused-parameter -Wno-missing-field-initializers -Wstrict-prototypes -Werror=implicit-function-declaration -fvisibility=hidden -D_WIN32_WINNT=0x0A00 -DMS_WINDOWS -UPY_COERCE_C_LOCALE  -I./Include/internal -I./Include/internal/mimalloc  -I. -I./Include    -DPy_BUILD_CORE -o Objects/unionobject.o Objects/unionobject.c
gcc -c -fno-strict-overflow -Wsign-compare -DNDEBUG -g -O3 -Wall    -std=c11 -Wextra -Wno-unused-parameter -Wno-missing-field-initializers -Wstrict-prototypes -Werror=implicit-function-declaration -fvisibility=hidden -D_WIN32_WINNT=0x0A00 -DMS_WINDOWS -UPY_COERCE_C_LOCALE  -I./Include/internal -I./Include/internal/mimalloc  -I. -I./Include    -DPy_BUILD_CORE -o Objects/weakrefobject.o Objects/weakrefobject.c
Objects/unicodeobject.c: In function 'encode_code_page_errors':
Objects/unicodeobject.c:8186:33: warning: comparison of integer expressions of different signedness: 'long long unsigned int' and 'long long int' [-Wsign-compare]
 8186 |     if (Py_ARRAY_LENGTH(buffer) > PY_SSIZE_T_MAX / insize) {
      |                                 ^
gcc -c -fno-strict-overflow -Wsign-compare -DNDEBUG -g -O3 -Wall    -std=c11 -Wextra -Wno-unused-parameter -Wno-missing-field-initializers -Wstrict-prototypes -Werror=implicit-function-declaration -fvisibility=hidden -D_WIN32_WINNT=0x0A00 -DMS_WINDOWS -UPY_COERCE_C_LOCALE  -I./Include/internal -I./Include/internal/mimalloc  -I. -I./Include    -DPy_BUILD_CORE -o Python/_contextvars.o Python/_contextvars.c
Objects/unicodeobject.c: At top level:
Objects/unicodeobject.c:7728:1: warning: 'decode_code_page_flags' defined but not used [-Wunused-function]
 7728 | decode_code_page_flags(UINT code_page)
      | ^~~~~~~~~~~~~~~~~~~~~~
gcc -c -fno-strict-overflow -Wsign-compare -DNDEBUG -g -O3 -Wall    -std=c11 -Wextra -Wno-unused-parameter -Wno-missing-field-initializers -Wstrict-prototypes -Werror=implicit-function-declaration -fvisibility=hidden -D_WIN32_WINNT=0x0A00 -DMS_WINDOWS -UPY_COERCE_C_LOCALE  -I./Include/internal -I./Include/internal/mimalloc  -I. -I./Include    -DPy_BUILD_CORE -o Python/_warnings.o Python/_warnings.c
gcc -c -fno-strict-overflow -Wsign-compare -DNDEBUG -g -O3 -Wall    -std=c11 -Wextra -Wno-unused-parameter -Wno-missing-field-initializers -Wstrict-prototypes -Werror=implicit-function-declaration -fvisibility=hidden -D_WIN32_WINNT=0x0A00 -DMS_WINDOWS -UPY_COERCE_C_LOCALE  -I./Include/internal -I./Include/internal/mimalloc  -I. -I./Include    -DPy_BUILD_CORE -o Python/Python-ast.o Python/Python-ast.c
gcc -c -fno-strict-overflow -Wsign-compare -DNDEBUG -g -O3 -Wall    -std=c11 -Wextra -Wno-unused-parameter -Wno-missing-field-initializers -Wstrict-prototypes -Werror=implicit-function-declaration -fvisibility=hidden -D_WIN32_WINNT=0x0A00 -DMS_WINDOWS -UPY_COERCE_C_LOCALE  -I./Include/internal -I./Include/internal/mimalloc  -I. -I./Include    -DPy_BUILD_CORE -o Python/Python-tokenize.o Python/Python-tokenize.c
gcc -c -fno-strict-overflow -Wsign-compare -DNDEBUG -g -O3 -Wall    -std=c11 -Wextra -Wno-unused-parameter -Wno-missing-field-initializers -Wstrict-prototypes -Werror=implicit-function-declaration -fvisibility=hidden -D_WIN32_WINNT=0x0A00 -DMS_WINDOWS -UPY_COERCE_C_LOCALE  -I./Include/internal -I./Include/internal/mimalloc  -I. -I./Include    -DPy_BUILD_CORE -o Python/asdl.o Python/asdl.c
gcc -c -fno-strict-overflow -Wsign-compare -DNDEBUG -g -O3 -Wall    -std=c11 -Wextra -Wno-unused-parameter -Wno-missing-field-initializers -Wstrict-prototypes -Werror=implicit-function-declaration -fvisibility=hidden -D_WIN32_WINNT=0x0A00 -DMS_WINDOWS -UPY_COERCE_C_LOCALE  -I./Include/internal -I./Include/internal/mimalloc  -I. -I./Include    -DPy_BUILD_CORE -o Python/assemble.o Python/assemble.c
gcc -c -fno-strict-overflow -Wsign-compare -DNDEBUG -g -O3 -Wall    -std=c11 -Wextra -Wno-unused-parameter -Wno-missing-field-initializers -Wstrict-prototypes -Werror=implicit-function-declaration -fvisibility=hidden -D_WIN32_WINNT=0x0A00 -DMS_WINDOWS -UPY_COERCE_C_LOCALE  -I./Include/internal -I./Include/internal/mimalloc  -I. -I./Include    -DPy_BUILD_CORE -o Python/ast.o Python/ast.c
gcc -c -fno-strict-overflow -Wsign-compare -DNDEBUG -g -O3 -Wall    -std=c11 -Wextra -Wno-unused-parameter -Wno-missing-field-initializers -Wstrict-prototypes -Werror=implicit-function-declaration -fvisibility=hidden -D_WIN32_WINNT=0x0A00 -DMS_WINDOWS -UPY_COERCE_C_LOCALE  -I./Include/internal -I./Include/internal/mimalloc  -I. -I./Include    -DPy_BUILD_CORE -o Python/ast_preprocess.o Python/ast_preprocess.c
gcc -c -fno-strict-overflow -Wsign-compare -DNDEBUG -g -O3 -Wall    -std=c11 -Wextra -Wno-unused-parameter -Wno-missing-field-initializers -Wstrict-prototypes -Werror=implicit-function-declaration -fvisibility=hidden -D_WIN32_WINNT=0x0A00 -DMS_WINDOWS -UPY_COERCE_C_LOCALE  -I./Include/internal -I./Include/internal/mimalloc  -I. -I./Include    -DPy_BUILD_CORE -o Python/ast_unparse.o Python/ast_unparse.c
gcc -c -fno-strict-overflow -Wsign-compare -DNDEBUG -g -O3 -Wall    -std=c11 -Wextra -Wno-unused-parameter -Wno-missing-field-initializers -Wstrict-prototypes -Werror=implicit-function-declaration -fvisibility=hidden -D_WIN32_WINNT=0x0A00 -DMS_WINDOWS -UPY_COERCE_C_LOCALE  -I./Include/internal -I./Include/internal/mimalloc  -I. -I./Include    -DPy_BUILD_CORE -o Python/bltinmodule.o Python/bltinmodule.c
gcc -c -fno-strict-overflow -Wsign-compare -DNDEBUG -g -O3 -Wall    -std=c11 -Wextra -Wno-unused-parameter -Wno-missing-field-initializers -Wstrict-prototypes -Werror=implicit-function-declaration -fvisibility=hidden -D_WIN32_WINNT=0x0A00 -DMS_WINDOWS -UPY_COERCE_C_LOCALE  -I./Include/internal -I./Include/internal/mimalloc  -I. -I./Include    -DPy_BUILD_CORE -o Python/brc.o Python/brc.c
gcc -c -fno-strict-overflow -Wsign-compare -DNDEBUG -g -O3 -Wall    -std=c11 -Wextra -Wno-unused-parameter -Wno-missing-field-initializers -Wstrict-prototypes -Werror=implicit-function-declaration -fvisibility=hidden -D_WIN32_WINNT=0x0A00 -DMS_WINDOWS -UPY_COERCE_C_LOCALE  -I./Include/internal -I./Include/internal/mimalloc  -I. -I./Include    -DPy_BUILD_CORE  -o Python/ceval.o Python/ceval.c
gcc -c -fno-strict-overflow -Wsign-compare -DNDEBUG -g -O3 -Wall    -std=c11 -Wextra -Wno-unused-parameter -Wno-missing-field-initializers -Wstrict-prototypes -Werror=implicit-function-declaration -fvisibility=hidden -D_WIN32_WINNT=0x0A00 -DMS_WINDOWS -UPY_COERCE_C_LOCALE  -I./Include/internal -I./Include/internal/mimalloc  -I. -I./Include    -DPy_BUILD_CORE -o Python/codecs.o Python/codecs.c
gcc -c -fno-strict-overflow -Wsign-compare -DNDEBUG -g -O3 -Wall    -std=c11 -Wextra -Wno-unused-parameter -Wno-missing-field-initializers -Wstrict-prototypes -Werror=implicit-function-declaration -fvisibility=hidden -D_WIN32_WINNT=0x0A00 -DMS_WINDOWS -UPY_COERCE_C_LOCALE  -I./Include/internal -I./Include/internal/mimalloc  -I. -I./Include    -DPy_BUILD_CORE -o Python/codegen.o Python/codegen.c
gcc -c -fno-strict-overflow -Wsign-compare -DNDEBUG -g -O3 -Wall    -std=c11 -Wextra -Wno-unused-parameter -Wno-missing-field-initializers -Wstrict-prototypes -Werror=implicit-function-declaration -fvisibility=hidden -D_WIN32_WINNT=0x0A00 -DMS_WINDOWS -UPY_COERCE_C_LOCALE  -I./Include/internal -I./Include/internal/mimalloc  -I. -I./Include    -DPy_BUILD_CORE -o Python/compile.o Python/compile.c
gcc -c -fno-strict-overflow -Wsign-compare -DNDEBUG -g -O3 -Wall    -std=c11 -Wextra -Wno-unused-parameter -Wno-missing-field-initializers -Wstrict-prototypes -Werror=implicit-function-declaration -fvisibility=hidden -D_WIN32_WINNT=0x0A00 -DMS_WINDOWS -UPY_COERCE_C_LOCALE  -I./Include/internal -I./Include/internal/mimalloc  -I. -I./Include    -DPy_BUILD_CORE -o Python/context.o Python/context.c
gcc -c -fno-strict-overflow -Wsign-compare -DNDEBUG -g -O3 -Wall    -std=c11 -Wextra -Wno-unused-parameter -Wno-missing-field-initializers -Wstrict-prototypes -Werror=implicit-function-declaration -fvisibility=hidden -D_WIN32_WINNT=0x0A00 -DMS_WINDOWS -UPY_COERCE_C_LOCALE  -I./Include/internal -I./Include/internal/mimalloc  -I. -I./Include    -DPy_BUILD_CORE -o Python/critical_section.o Python/critical_section.c
gcc -c -fno-strict-overflow -Wsign-compare -DNDEBUG -g -O3 -Wall    -std=c11 -Wextra -Wno-unused-parameter -Wno-missing-field-initializers -Wstrict-prototypes -Werror=implicit-function-declaration -fvisibility=hidden -D_WIN32_WINNT=0x0A00 -DMS_WINDOWS -UPY_COERCE_C_LOCALE  -I./Include/internal -I./Include/internal/mimalloc  -I. -I./Include    -DPy_BUILD_CORE -o Python/crossinterp.o Python/crossinterp.c
gcc -c -fno-strict-overflow -Wsign-compare -DNDEBUG -g -O3 -Wall    -std=c11 -Wextra -Wno-unused-parameter -Wno-missing-field-initializers -Wstrict-prototypes -Werror=implicit-function-declaration -fvisibility=hidden -D_WIN32_WINNT=0x0A00 -DMS_WINDOWS -UPY_COERCE_C_LOCALE  -I./Include/internal -I./Include/internal/mimalloc  -I. -I./Include    -DPy_BUILD_CORE -o Python/dynamic_annotations.o Python/dynamic_annotations.c
gcc -c -fno-strict-overflow -Wsign-compare -DNDEBUG -g -O3 -Wall    -std=c11 -Wextra -Wno-unused-parameter -Wno-missing-field-initializers -Wstrict-prototypes -Werror=implicit-function-declaration -fvisibility=hidden -D_WIN32_WINNT=0x0A00 -DMS_WINDOWS -UPY_COERCE_C_LOCALE  -I./Include/internal -I./Include/internal/mimalloc  -I. -I./Include    -DPy_BUILD_CORE -o Python/errors.o Python/errors.c
gcc -c -fno-strict-overflow -Wsign-compare -DNDEBUG -g -O3 -Wall    -std=c11 -Wextra -Wno-unused-parameter -Wno-missing-field-initializers -Wstrict-prototypes -Werror=implicit-function-declaration -fvisibility=hidden -D_WIN32_WINNT=0x0A00 -DMS_WINDOWS -UPY_COERCE_C_LOCALE  -I./Include/internal -I./Include/internal/mimalloc  -I. -I./Include    -DPy_BUILD_CORE -o Python/flowgraph.o Python/flowgraph.c
gcc -c -fno-strict-overflow -Wsign-compare -DNDEBUG -g -O3 -Wall    -std=c11 -Wextra -Wno-unused-parameter -Wno-missing-field-initializers -Wstrict-prototypes -Werror=implicit-function-declaration -fvisibility=hidden -D_WIN32_WINNT=0x0A00 -DMS_WINDOWS -UPY_COERCE_C_LOCALE  -I./Include/internal -I./Include/internal/mimalloc  -I. -I./Include    -DPy_BUILD_CORE -o Python/frame.o Python/frame.c
gcc -c -fno-strict-overflow -Wsign-compare -DNDEBUG -g -O3 -Wall    -std=c11 -Wextra -Wno-unused-parameter -Wno-missing-field-initializers -Wstrict-prototypes -Werror=implicit-function-declaration -fvisibility=hidden -D_WIN32_WINNT=0x0A00 -DMS_WINDOWS -UPY_COERCE_C_LOCALE  -I./Include/internal -I./Include/internal/mimalloc  -I. -I./Include    -DPy_BUILD_CORE -o Python/frozenmain.o Python/frozenmain.c
gcc -c -fno-strict-overflow -Wsign-compare -DNDEBUG -g -O3 -Wall    -std=c11 -Wextra -Wno-unused-parameter -Wno-missing-field-initializers -Wstrict-prototypes -Werror=implicit-function-declaration -fvisibility=hidden -D_WIN32_WINNT=0x0A00 -DMS_WINDOWS -UPY_COERCE_C_LOCALE  -I./Include/internal -I./Include/internal/mimalloc  -I. -I./Include    -DPy_BUILD_CORE -o Python/future.o Python/future.c
gcc -c -fno-strict-overflow -Wsign-compare -DNDEBUG -g -O3 -Wall    -std=c11 -Wextra -Wno-unused-parameter -Wno-missing-field-initializers -Wstrict-prototypes -Werror=implicit-function-declaration -fvisibility=hidden -D_WIN32_WINNT=0x0A00 -DMS_WINDOWS -UPY_COERCE_C_LOCALE  -I./Include/internal -I./Include/internal/mimalloc  -I. -I./Include    -DPy_BUILD_CORE -o Python/gc.o Python/gc.c
gcc -c -fno-strict-overflow -Wsign-compare -DNDEBUG -g -O3 -Wall    -std=c11 -Wextra -Wno-unused-parameter -Wno-missing-field-initializers -Wstrict-prototypes -Werror=implicit-function-declaration -fvisibility=hidden -D_WIN32_WINNT=0x0A00 -DMS_WINDOWS -UPY_COERCE_C_LOCALE  -I./Include/internal -I./Include/internal/mimalloc  -I. -I./Include    -DPy_BUILD_CORE -o Python/gc_free_threading.o Python/gc_free_threading.c
Python/gc.c: In function 'show_stats_each_generations':
Python/gc.c:1075:33: warning: unknown conversion type character 'z' in format [-Wformat=]
 1075 |                              " %zd",
      |                                 ^
Python/gc.c:1075:30: warning: too many arguments for format [-Wformat-extra-args]
 1075 |                              " %zd",
      |                              ^~~~~~
Python/gc.c: In function 'gc_collect_main':
Python/gc.c:1481:25: warning: unknown conversion type character 'z' in format [-Wformat=]
 1481 |             "gc: done, %zd unreachable, %zd uncollectable, %.4fs elapsed\n",
      |                         ^
Python/gc.c:1481:42: warning: unknown conversion type character 'z' in format [-Wformat=]
 1481 |             "gc: done, %zd unreachable, %zd uncollectable, %.4fs elapsed\n",
      |                                          ^
Python/gc.c:1481:63: warning: format '%f' expects argument of type 'double', but argument 2 has type 'Py_ssize_t' {aka 'long long int'} [-Wformat=]
 1481 |             "gc: done, %zd unreachable, %zd uncollectable, %.4fs elapsed\n",
      |                                                            ~~~^
      |                                                               |
      |                                                               double
      |                                                            %.4lld
 1482 |             n+m, n, d);
      |             ~~~                                                
      |              |
      |              Py_ssize_t {aka long long int}
Python/gc.c:1481:13: warning: too many arguments for format [-Wformat-extra-args]
 1481 |             "gc: done, %zd unreachable, %zd uncollectable, %.4fs elapsed\n",
      |             ^~~~~~~~~~~~~~~~~~~~~~~~~~~~~~~~~~~~~~~~~~~~~~~~~~~~~~~~~~~~~~~
gcc -c -fno-strict-overflow -Wsign-compare -DNDEBUG -g -O3 -Wall    -std=c11 -Wextra -Wno-unused-parameter -Wno-missing-field-initializers -Wstrict-prototypes -Werror=implicit-function-declaration -fvisibility=hidden -D_WIN32_WINNT=0x0A00 -DMS_WINDOWS -UPY_COERCE_C_LOCALE  -I./Include/internal -I./Include/internal/mimalloc  -I. -I./Include    -DPy_BUILD_CORE -o Python/gc_gil.o Python/gc_gil.c
gcc -c -fno-strict-overflow -Wsign-compare -DNDEBUG -g -O3 -Wall    -std=c11 -Wextra -Wno-unused-parameter -Wno-missing-field-initializers -Wstrict-prototypes -Werror=implicit-function-declaration -fvisibility=hidden -D_WIN32_WINNT=0x0A00 -DMS_WINDOWS -UPY_COERCE_C_LOCALE  -I./Include/internal -I./Include/internal/mimalloc  -I. -I./Include    -DPy_BUILD_CORE -o Python/getargs.o Python/getargs.c
gcc -c -fno-strict-overflow -Wsign-compare -DNDEBUG -g -O3 -Wall    -std=c11 -Wextra -Wno-unused-parameter -Wno-missing-field-initializers -Wstrict-prototypes -Werror=implicit-function-declaration -fvisibility=hidden -D_WIN32_WINNT=0x0A00 -DMS_WINDOWS -UPY_COERCE_C_LOCALE  -I./Include/internal -I./Include/internal/mimalloc  -I. -I./Include    -DPy_BUILD_CORE -o Python/getcompiler.o Python/getcompiler.c
gcc -c -fno-strict-overflow -Wsign-compare -DNDEBUG -g -O3 -Wall    -std=c11 -Wextra -Wno-unused-parameter -Wno-missing-field-initializers -Wstrict-prototypes -Werror=implicit-function-declaration -fvisibility=hidden -D_WIN32_WINNT=0x0A00 -DMS_WINDOWS -UPY_COERCE_C_LOCALE  -I./Include/internal -I./Include/internal/mimalloc  -I. -I./Include    -DPy_BUILD_CORE -o Python/getcopyright.o Python/getcopyright.c
gcc -c -fno-strict-overflow -Wsign-compare -DNDEBUG -g -O3 -Wall    -std=c11 -Wextra -Wno-unused-parameter -Wno-missing-field-initializers -Wstrict-prototypes -Werror=implicit-function-declaration -fvisibility=hidden -D_WIN32_WINNT=0x0A00 -DMS_WINDOWS -UPY_COERCE_C_LOCALE  -I./Include/internal -I./Include/internal/mimalloc  -I. -I./Include    -DPy_BUILD_CORE -DPLATFORM='"mingw64_nt-10.0-190453"' -o Python/getplatform.o ./Python/getplatform.c
gcc -c -fno-strict-overflow -Wsign-compare -DNDEBUG -g -O3 -Wall    -std=c11 -Wextra -Wno-unused-parameter -Wno-missing-field-initializers -Wstrict-prototypes -Werror=implicit-function-declaration -fvisibility=hidden -D_WIN32_WINNT=0x0A00 -DMS_WINDOWS -UPY_COERCE_C_LOCALE  -I./Include/internal -I./Include/internal/mimalloc  -I. -I./Include    -DPy_BUILD_CORE -o Python/getversion.o Python/getversion.c
gcc -c -fno-strict-overflow -Wsign-compare -DNDEBUG -g -O3 -Wall    -std=c11 -Wextra -Wno-unused-parameter -Wno-missing-field-initializers -Wstrict-prototypes -Werror=implicit-function-declaration -fvisibility=hidden -D_WIN32_WINNT=0x0A00 -DMS_WINDOWS -UPY_COERCE_C_LOCALE  -I./Include/internal -I./Include/internal/mimalloc  -I. -I./Include    -DPy_BUILD_CORE -o Python/ceval_gil.o Python/ceval_gil.c
gcc -c -fno-strict-overflow -Wsign-compare -DNDEBUG -g -O3 -Wall    -std=c11 -Wextra -Wno-unused-parameter -Wno-missing-field-initializers -Wstrict-prototypes -Werror=implicit-function-declaration -fvisibility=hidden -D_WIN32_WINNT=0x0A00 -DMS_WINDOWS -UPY_COERCE_C_LOCALE  -I./Include/internal -I./Include/internal/mimalloc  -I. -I./Include    -DPy_BUILD_CORE -o Python/hamt.o Python/hamt.c
gcc -c -fno-strict-overflow -Wsign-compare -DNDEBUG -g -O3 -Wall    -std=c11 -Wextra -Wno-unused-parameter -Wno-missing-field-initializers -Wstrict-prototypes -Werror=implicit-function-declaration -fvisibility=hidden -D_WIN32_WINNT=0x0A00 -DMS_WINDOWS -UPY_COERCE_C_LOCALE  -I./Include/internal -I./Include/internal/mimalloc  -I. -I./Include    -DPy_BUILD_CORE -o Python/hashtable.o Python/hashtable.c
Python/getargs.c: In function 'seterror':
Python/getargs.c:415:38: warning: unknown conversion type character 'z' in format [-Wformat=]
  415 |                           "argument %zd", iarg);
      |                                      ^
Python/getargs.c:415:27: warning: too many arguments for format [-Wformat-extra-args]
  415 |                           "argument %zd", iarg);
      |                           ^~~~~~~~~~~~~~
Python/getargs.c: In function 'converttuple':
Python/getargs.c:543:58: warning: unknown conversion type character 'z' in format [-Wformat=]
  543 |                           "must be %s of length %d, not %zd",
      |                                                          ^
Python/getargs.c:543:27: warning: too many arguments for format [-Wformat-extra-args]
  543 |                           "must be %s of length %d, not %zd",
      |                           ^~~~~~~~~~~~~~~~~~~~~~~~~~~~~~~~~~
Python/getargs.c:557:57: warning: unknown conversion type character 'z' in format [-Wformat=]
  557 |                       "must be tuple of length %d, not %zd",
      |                                                         ^
Python/getargs.c:557:23: warning: too many arguments for format [-Wformat-extra-args]
  557 |                       "must be tuple of length %d, not %zd",
      |                       ^~~~~~~~~~~~~~~~~~~~~~~~~~~~~~~~~~~~~
Python/getargs.c: In function 'convertcharerr':
Python/getargs.c:654:56: warning: unknown conversion type character 'z' in format [-Wformat=]
  654 |                   "must be %.50s, not %.50s of length %zd",
      |                                                        ^
Python/getargs.c:654:19: warning: too many arguments for format [-Wformat-extra-args]
  654 |                   "must be %.50s, not %.50s of length %zd",
      |                   ^~~~~~~~~~~~~~~~~~~~~~~~~~~~~~~~~~~~~~~~
gcc -c -fno-strict-overflow -Wsign-compare -DNDEBUG -g -O3 -Wall    -std=c11 -Wextra -Wno-unused-parameter -Wno-missing-field-initializers -Wstrict-prototypes -Werror=implicit-function-declaration -fvisibility=hidden -D_WIN32_WINNT=0x0A00 -DMS_WINDOWS -UPY_COERCE_C_LOCALE  -I./Include/internal -I./Include/internal/mimalloc  -I. -I./Include    -DPy_BUILD_CORE -o Python/import.o Python/import.c
gcc -c -fno-strict-overflow -Wsign-compare -DNDEBUG -g -O3 -Wall    -std=c11 -Wextra -Wno-unused-parameter -Wno-missing-field-initializers -Wstrict-prototypes -Werror=implicit-function-declaration -fvisibility=hidden -D_WIN32_WINNT=0x0A00 -DMS_WINDOWS -UPY_COERCE_C_LOCALE  -I./Include/internal -I./Include/internal/mimalloc  -I. -I./Include    -DPy_BUILD_CORE -I. -o Python/importdl.o ./Python/importdl.c
gcc -c -fno-strict-overflow -Wsign-compare -DNDEBUG -g -O3 -Wall    -std=c11 -Wextra -Wno-unused-parameter -Wno-missing-field-initializers -Wstrict-prototypes -Werror=implicit-function-declaration -fvisibility=hidden -D_WIN32_WINNT=0x0A00 -DMS_WINDOWS -UPY_COERCE_C_LOCALE  -I./Include/internal -I./Include/internal/mimalloc  -I. -I./Include    -DPy_BUILD_CORE -o Python/index_pool.o Python/index_pool.c
gcc -c -fno-strict-overflow -Wsign-compare -DNDEBUG -g -O3 -Wall    -std=c11 -Wextra -Wno-unused-parameter -Wno-missing-field-initializers -Wstrict-prototypes -Werror=implicit-function-declaration -fvisibility=hidden -D_WIN32_WINNT=0x0A00 -DMS_WINDOWS -UPY_COERCE_C_LOCALE  -I./Include/internal -I./Include/internal/mimalloc  -I. -I./Include    -DPy_BUILD_CORE -o Python/initconfig.o Python/initconfig.c
gcc -c -fno-strict-overflow -Wsign-compare -DNDEBUG -g -O3 -Wall    -std=c11 -Wextra -Wno-unused-parameter -Wno-missing-field-initializers -Wstrict-prototypes -Werror=implicit-function-declaration -fvisibility=hidden -D_WIN32_WINNT=0x0A00 -DMS_WINDOWS -UPY_COERCE_C_LOCALE  -I./Include/internal -I./Include/internal/mimalloc  -I. -I./Include    -DPy_BUILD_CORE -o Python/interpconfig.o Python/interpconfig.c
gcc -c -fno-strict-overflow -Wsign-compare -DNDEBUG -g -O3 -Wall    -std=c11 -Wextra -Wno-unused-parameter -Wno-missing-field-initializers -Wstrict-prototypes -Werror=implicit-function-declaration -fvisibility=hidden -D_WIN32_WINNT=0x0A00 -DMS_WINDOWS -UPY_COERCE_C_LOCALE  -I./Include/internal -I./Include/internal/mimalloc  -I. -I./Include    -DPy_BUILD_CORE -o Python/instrumentation.o Python/instrumentation.c
gcc -c -fno-strict-overflow -Wsign-compare -DNDEBUG -g -O3 -Wall    -std=c11 -Wextra -Wno-unused-parameter -Wno-missing-field-initializers -Wstrict-prototypes -Werror=implicit-function-declaration -fvisibility=hidden -D_WIN32_WINNT=0x0A00 -DMS_WINDOWS -UPY_COERCE_C_LOCALE  -I./Include/internal -I./Include/internal/mimalloc  -I. -I./Include    -DPy_BUILD_CORE -o Python/instruction_sequence.o Python/instruction_sequence.c
gcc -c -fno-strict-overflow -Wsign-compare -DNDEBUG -g -O3 -Wall    -std=c11 -Wextra -Wno-unused-parameter -Wno-missing-field-initializers -Wstrict-prototypes -Werror=implicit-function-declaration -fvisibility=hidden -D_WIN32_WINNT=0x0A00 -DMS_WINDOWS -UPY_COERCE_C_LOCALE  -I./Include/internal -I./Include/internal/mimalloc  -I. -I./Include    -DPy_BUILD_CORE -o Python/intrinsics.o Python/intrinsics.c
gcc -c -fno-strict-overflow -Wsign-compare -DNDEBUG -g -O3 -Wall    -std=c11 -Wextra -Wno-unused-parameter -Wno-missing-field-initializers -Wstrict-prototypes -Werror=implicit-function-declaration -fvisibility=hidden -D_WIN32_WINNT=0x0A00 -DMS_WINDOWS -UPY_COERCE_C_LOCALE  -I./Include/internal -I./Include/internal/mimalloc  -I. -I./Include    -DPy_BUILD_CORE -o Python/jit.o Python/jit.c
gcc -c -fno-strict-overflow -Wsign-compare -DNDEBUG -g -O3 -Wall    -std=c11 -Wextra -Wno-unused-parameter -Wno-missing-field-initializers -Wstrict-prototypes -Werror=implicit-function-declaration -fvisibility=hidden -D_WIN32_WINNT=0x0A00 -DMS_WINDOWS -UPY_COERCE_C_LOCALE  -I./Include/internal -I./Include/internal/mimalloc  -I. -I./Include    -DPy_BUILD_CORE -o Python/legacy_tracing.o Python/legacy_tracing.c
gcc -c -fno-strict-overflow -Wsign-compare -DNDEBUG -g -O3 -Wall    -std=c11 -Wextra -Wno-unused-parameter -Wno-missing-field-initializers -Wstrict-prototypes -Werror=implicit-function-declaration -fvisibility=hidden -D_WIN32_WINNT=0x0A00 -DMS_WINDOWS -UPY_COERCE_C_LOCALE  -I./Include/internal -I./Include/internal/mimalloc  -I. -I./Include    -DPy_BUILD_CORE -o Python/lock.o Python/lock.c
gcc -c -fno-strict-overflow -Wsign-compare -DNDEBUG -g -O3 -Wall    -std=c11 -Wextra -Wno-unused-parameter -Wno-missing-field-initializers -Wstrict-prototypes -Werror=implicit-function-declaration -fvisibility=hidden -D_WIN32_WINNT=0x0A00 -DMS_WINDOWS -UPY_COERCE_C_LOCALE  -I./Include/internal -I./Include/internal/mimalloc  -I. -I./Include    -DPy_BUILD_CORE -o Python/marshal.o Python/marshal.c
gcc -c -fno-strict-overflow -Wsign-compare -DNDEBUG -g -O3 -Wall    -std=c11 -Wextra -Wno-unused-parameter -Wno-missing-field-initializers -Wstrict-prototypes -Werror=implicit-function-declaration -fvisibility=hidden -D_WIN32_WINNT=0x0A00 -DMS_WINDOWS -UPY_COERCE_C_LOCALE  -I./Include/internal -I./Include/internal/mimalloc  -I. -I./Include    -DPy_BUILD_CORE -o Python/modsupport.o Python/modsupport.c
gcc -c -fno-strict-overflow -Wsign-compare -DNDEBUG -g -O3 -Wall    -std=c11 -Wextra -Wno-unused-parameter -Wno-missing-field-initializers -Wstrict-prototypes -Werror=implicit-function-declaration -fvisibility=hidden -D_WIN32_WINNT=0x0A00 -DMS_WINDOWS -UPY_COERCE_C_LOCALE  -I./Include/internal -I./Include/internal/mimalloc  -I. -I./Include    -DPy_BUILD_CORE -o Python/mysnprintf.o Python/mysnprintf.c
gcc -c -fno-strict-overflow -Wsign-compare -DNDEBUG -g -O3 -Wall    -std=c11 -Wextra -Wno-unused-parameter -Wno-missing-field-initializers -Wstrict-prototypes -Werror=implicit-function-declaration -fvisibility=hidden -D_WIN32_WINNT=0x0A00 -DMS_WINDOWS -UPY_COERCE_C_LOCALE  -I./Include/internal -I./Include/internal/mimalloc  -I. -I./Include    -DPy_BUILD_CORE -o Python/mystrtoul.o Python/mystrtoul.c
gcc -c -fno-strict-overflow -Wsign-compare -DNDEBUG -g -O3 -Wall    -std=c11 -Wextra -Wno-unused-parameter -Wno-missing-field-initializers -Wstrict-prototypes -Werror=implicit-function-declaration -fvisibility=hidden -D_WIN32_WINNT=0x0A00 -DMS_WINDOWS -UPY_COERCE_C_LOCALE  -I./Include/internal -I./Include/internal/mimalloc  -I. -I./Include    -DPy_BUILD_CORE -o Python/object_stack.o Python/object_stack.c
gcc -c -fno-strict-overflow -Wsign-compare -DNDEBUG -g -O3 -Wall    -std=c11 -Wextra -Wno-unused-parameter -Wno-missing-field-initializers -Wstrict-prototypes -Werror=implicit-function-declaration -fvisibility=hidden -D_WIN32_WINNT=0x0A00 -DMS_WINDOWS -UPY_COERCE_C_LOCALE  -I./Include/internal -I./Include/internal/mimalloc  -I. -I./Include    -DPy_BUILD_CORE -o Python/optimizer.o Python/optimizer.c
gcc -c -fno-strict-overflow -Wsign-compare -DNDEBUG -g -O3 -Wall    -std=c11 -Wextra -Wno-unused-parameter -Wno-missing-field-initializers -Wstrict-prototypes -Werror=implicit-function-declaration -fvisibility=hidden -D_WIN32_WINNT=0x0A00 -DMS_WINDOWS -UPY_COERCE_C_LOCALE  -I./Include/internal -I./Include/internal/mimalloc  -I. -I./Include    -DPy_BUILD_CORE -o Python/optimizer_analysis.o Python/optimizer_analysis.c
gcc -c -fno-strict-overflow -Wsign-compare -DNDEBUG -g -O3 -Wall    -std=c11 -Wextra -Wno-unused-parameter -Wno-missing-field-initializers -Wstrict-prototypes -Werror=implicit-function-declaration -fvisibility=hidden -D_WIN32_WINNT=0x0A00 -DMS_WINDOWS -UPY_COERCE_C_LOCALE  -I./Include/internal -I./Include/internal/mimalloc  -I. -I./Include    -DPy_BUILD_CORE -o Python/optimizer_symbols.o Python/optimizer_symbols.c
gcc -c -fno-strict-overflow -Wsign-compare -DNDEBUG -g -O3 -Wall    -std=c11 -Wextra -Wno-unused-parameter -Wno-missing-field-initializers -Wstrict-prototypes -Werror=implicit-function-declaration -fvisibility=hidden -D_WIN32_WINNT=0x0A00 -DMS_WINDOWS -UPY_COERCE_C_LOCALE  -I./Include/internal -I./Include/internal/mimalloc  -I. -I./Include    -DPy_BUILD_CORE -o Python/parking_lot.o Python/parking_lot.c
In file included from ./Include/internal/pycore_cell.h:6,
                 from Python/ceval.c:10:
In function 'initialize_locals',
    inlined from '_PyEvalFramePushAndInit' at Python/ceval.c:1980:9,
    inlined from '_PyEval_Vector' at Python/ceval.c:2100:34,
    inlined from 'PyEval_EvalCode' at Python/ceval.c:982:21:
./Include/internal/pycore_stackref.h:644:17: warning: array subscript [-2147483648, -1] is outside array bounds of '_PyStackRef[8]' [-Warray-bounds=]
  644 |     _PyStackRef _temp = (REF); \
      |                 ^~~~~
Python/ceval.c:1739:13: note: in expansion of macro 'PyStackRef_CLOSE'
 1739 |             PyStackRef_CLOSE(args[j]);
      |             ^~~~~~~~~~~~~~~~
Python/ceval.c: In function 'PyEval_EvalCode':
Python/ceval.c:2077:17: note: at offset [-17179869184, -8] into object 'stack_array' of size 64
 2077 |     _PyStackRef stack_array[8];
      |                 ^~~~~~~~~~~
In function 'initialize_locals',
    inlined from '_PyEvalFramePushAndInit' at Python/ceval.c:1980:9,
    inlined from '_PyEval_Vector' at Python/ceval.c:2100:34,
    inlined from 'PyEval_EvalCode' at Python/ceval.c:982:21:
./Include/internal/pycore_stackref.h:644:17: warning: array subscript [-2147483648, -1] is outside array bounds of '_PyStackRef[8]' [-Warray-bounds=]
  644 |     _PyStackRef _temp = (REF); \
      |                 ^~~~~
Python/ceval.c:1726:21: note: in expansion of macro 'PyStackRef_CLOSE'
 1726 |                     PyStackRef_CLOSE(args[i]);
      |                     ^~~~~~~~~~~~~~~~
Python/ceval.c: In function 'PyEval_EvalCode':
Python/ceval.c:2077:17: note: at offset [-17179869184, -8] into object 'stack_array' of size 64
 2077 |     _PyStackRef stack_array[8];
      |                 ^~~~~~~~~~~
gcc -c -fno-strict-overflow -Wsign-compare -DNDEBUG -g -O3 -Wall    -std=c11 -Wextra -Wno-unused-parameter -Wno-missing-field-initializers -Wstrict-prototypes -Werror=implicit-function-declaration -fvisibility=hidden -D_WIN32_WINNT=0x0A00 -DMS_WINDOWS -UPY_COERCE_C_LOCALE  -I./Include/internal -I./Include/internal/mimalloc  -I. -I./Include    -DPy_BUILD_CORE -o Python/pathconfig.o Python/pathconfig.c
gcc -c -fno-strict-overflow -Wsign-compare -DNDEBUG -g -O3 -Wall    -std=c11 -Wextra -Wno-unused-parameter -Wno-missing-field-initializers -Wstrict-prototypes -Werror=implicit-function-declaration -fvisibility=hidden -D_WIN32_WINNT=0x0A00 -DMS_WINDOWS -UPY_COERCE_C_LOCALE  -I./Include/internal -I./Include/internal/mimalloc  -I. -I./Include    -DPy_BUILD_CORE -o Python/preconfig.o Python/preconfig.c
gcc -c -fno-strict-overflow -Wsign-compare -DNDEBUG -g -O3 -Wall    -std=c11 -Wextra -Wno-unused-parameter -Wno-missing-field-initializers -Wstrict-prototypes -Werror=implicit-function-declaration -fvisibility=hidden -D_WIN32_WINNT=0x0A00 -DMS_WINDOWS -UPY_COERCE_C_LOCALE  -I./Include/internal -I./Include/internal/mimalloc  -I. -I./Include    -DPy_BUILD_CORE -o Python/pyarena.o Python/pyarena.c
gcc -c -fno-strict-overflow -Wsign-compare -DNDEBUG -g -O3 -Wall    -std=c11 -Wextra -Wno-unused-parameter -Wno-missing-field-initializers -Wstrict-prototypes -Werror=implicit-function-declaration -fvisibility=hidden -D_WIN32_WINNT=0x0A00 -DMS_WINDOWS -UPY_COERCE_C_LOCALE  -I./Include/internal -I./Include/internal/mimalloc  -I. -I./Include    -DPy_BUILD_CORE -o Python/pyctype.o Python/pyctype.c
gcc -c -fno-strict-overflow -Wsign-compare -DNDEBUG -g -O3 -Wall    -std=c11 -Wextra -Wno-unused-parameter -Wno-missing-field-initializers -Wstrict-prototypes -Werror=implicit-function-declaration -fvisibility=hidden -D_WIN32_WINNT=0x0A00 -DMS_WINDOWS -UPY_COERCE_C_LOCALE  -I./Include/internal -I./Include/internal/mimalloc  -I. -I./Include    -DPy_BUILD_CORE -o Python/pyfpe.o Python/pyfpe.c
gcc -c -fno-strict-overflow -Wsign-compare -DNDEBUG -g -O3 -Wall    -std=c11 -Wextra -Wno-unused-parameter -Wno-missing-field-initializers -Wstrict-prototypes -Werror=implicit-function-declaration -fvisibility=hidden -D_WIN32_WINNT=0x0A00 -DMS_WINDOWS -UPY_COERCE_C_LOCALE  -I./Include/internal -I./Include/internal/mimalloc  -I. -I./Include    -DPy_BUILD_CORE -o Python/pyhash.o Python/pyhash.c
gcc -c -fno-strict-overflow -Wsign-compare -DNDEBUG -g -O3 -Wall    -std=c11 -Wextra -Wno-unused-parameter -Wno-missing-field-initializers -Wstrict-prototypes -Werror=implicit-function-declaration -fvisibility=hidden -D_WIN32_WINNT=0x0A00 -DMS_WINDOWS -UPY_COERCE_C_LOCALE  -I./Include/internal -I./Include/internal/mimalloc  -I. -I./Include    -DPy_BUILD_CORE -o Python/pylifecycle.o Python/pylifecycle.c
gcc -c -fno-strict-overflow -Wsign-compare -DNDEBUG -g -O3 -Wall    -std=c11 -Wextra -Wno-unused-parameter -Wno-missing-field-initializers -Wstrict-prototypes -Werror=implicit-function-declaration -fvisibility=hidden -D_WIN32_WINNT=0x0A00 -DMS_WINDOWS -UPY_COERCE_C_LOCALE  -I./Include/internal -I./Include/internal/mimalloc  -I. -I./Include    -DPy_BUILD_CORE -o Python/pymath.o Python/pymath.c
gcc -c -fno-strict-overflow -Wsign-compare -DNDEBUG -g -O3 -Wall    -std=c11 -Wextra -Wno-unused-parameter -Wno-missing-field-initializers -Wstrict-prototypes -Werror=implicit-function-declaration -fvisibility=hidden -D_WIN32_WINNT=0x0A00 -DMS_WINDOWS -UPY_COERCE_C_LOCALE  -I./Include/internal -I./Include/internal/mimalloc  -I. -I./Include    -DPy_BUILD_CORE -o Python/pystate.o Python/pystate.c
gcc -c -fno-strict-overflow -Wsign-compare -DNDEBUG -g -O3 -Wall    -std=c11 -Wextra -Wno-unused-parameter -Wno-missing-field-initializers -Wstrict-prototypes -Werror=implicit-function-declaration -fvisibility=hidden -D_WIN32_WINNT=0x0A00 -DMS_WINDOWS -UPY_COERCE_C_LOCALE  -I./Include/internal -I./Include/internal/mimalloc  -I. -I./Include    -DPy_BUILD_CORE -o Python/pythonrun.o Python/pythonrun.c
gcc -c -fno-strict-overflow -Wsign-compare -DNDEBUG -g -O3 -Wall    -std=c11 -Wextra -Wno-unused-parameter -Wno-missing-field-initializers -Wstrict-prototypes -Werror=implicit-function-declaration -fvisibility=hidden -D_WIN32_WINNT=0x0A00 -DMS_WINDOWS -UPY_COERCE_C_LOCALE  -I./Include/internal -I./Include/internal/mimalloc  -I. -I./Include    -DPy_BUILD_CORE -o Python/pytime.o Python/pytime.c
gcc -c -fno-strict-overflow -Wsign-compare -DNDEBUG -g -O3 -Wall    -std=c11 -Wextra -Wno-unused-parameter -Wno-missing-field-initializers -Wstrict-prototypes -Werror=implicit-function-declaration -fvisibility=hidden -D_WIN32_WINNT=0x0A00 -DMS_WINDOWS -UPY_COERCE_C_LOCALE  -I./Include/internal -I./Include/internal/mimalloc  -I. -I./Include    -DPy_BUILD_CORE -o Python/qsbr.o Python/qsbr.c
gcc -c -fno-strict-overflow -Wsign-compare -DNDEBUG -g -O3 -Wall    -std=c11 -Wextra -Wno-unused-parameter -Wno-missing-field-initializers -Wstrict-prototypes -Werror=implicit-function-declaration -fvisibility=hidden -D_WIN32_WINNT=0x0A00 -DMS_WINDOWS -UPY_COERCE_C_LOCALE  -I./Include/internal -I./Include/internal/mimalloc  -I. -I./Include    -DPy_BUILD_CORE -o Python/bootstrap_hash.o Python/bootstrap_hash.c
gcc -c -fno-strict-overflow -Wsign-compare -DNDEBUG -g -O3 -Wall    -std=c11 -Wextra -Wno-unused-parameter -Wno-missing-field-initializers -Wstrict-prototypes -Werror=implicit-function-declaration -fvisibility=hidden -D_WIN32_WINNT=0x0A00 -DMS_WINDOWS -UPY_COERCE_C_LOCALE  -I./Include/internal -I./Include/internal/mimalloc  -I. -I./Include    -DPy_BUILD_CORE -o Python/specialize.o Python/specialize.c
In file included from ./Include/internal/pycore_runtime_structs.h:68,
                 from ./Include/internal/pycore_runtime.h:11,
                 from ./Include/internal/pycore_object.h:15,
                 from ./Include/internal/pycore_dict.h:11,
                 from Python/pylifecycle.c:9:
./Include/internal/pycore_debug_offsets.h:30:4: warning: ignoring '#pragma section ' [-Wunknown-pragmas]
   30 |    _Pragma(Py_STRINGIFY(section(Py_STRINGIFY(name), read, write))) \
      |    ^~~~~~~
./Include/internal/pycore_debug_offsets.h:21:4: note: in expansion of macro '_GENERATE_DEBUG_SECTION_WINDOWS'
   21 |    _GENERATE_DEBUG_SECTION_WINDOWS(name)            \
      |    ^~~~~~~~~~~~~~~~~~~~~~~~~~~~~~~
Python/pylifecycle.c:113:1: note: in expansion of macro 'GENERATE_DEBUG_SECTION'
  113 | GENERATE_DEBUG_SECTION(PyRuntime, _PyRuntimeState _PyRuntime)
      | ^~~~~~~~~~~~~~~~~~~~~~
Python/pylifecycle.c:114:1: warning: 'allocate' attribute directive ignored [-Wattributes]
  114 | = _PyRuntimeState_INIT(_PyRuntime, _Py_Debug_Cookie);
      | ^
gcc -c -fno-strict-overflow -Wsign-compare -DNDEBUG -g -O3 -Wall    -std=c11 -Wextra -Wno-unused-parameter -Wno-missing-field-initializers -Wstrict-prototypes -Werror=implicit-function-declaration -fvisibility=hidden -D_WIN32_WINNT=0x0A00 -DMS_WINDOWS -UPY_COERCE_C_LOCALE  -I./Include/internal -I./Include/internal/mimalloc  -I. -I./Include    -DPy_BUILD_CORE -o Python/stackrefs.o Python/stackrefs.c
gcc -c -fno-strict-overflow -Wsign-compare -DNDEBUG -g -O3 -Wall    -std=c11 -Wextra -Wno-unused-parameter -Wno-missing-field-initializers -Wstrict-prototypes -Werror=implicit-function-declaration -fvisibility=hidden -D_WIN32_WINNT=0x0A00 -DMS_WINDOWS -UPY_COERCE_C_LOCALE  -I./Include/internal -I./Include/internal/mimalloc  -I. -I./Include    -DPy_BUILD_CORE -o Python/structmember.o Python/structmember.c
gcc -c -fno-strict-overflow -Wsign-compare -DNDEBUG -g -O3 -Wall    -std=c11 -Wextra -Wno-unused-parameter -Wno-missing-field-initializers -Wstrict-prototypes -Werror=implicit-function-declaration -fvisibility=hidden -D_WIN32_WINNT=0x0A00 -DMS_WINDOWS -UPY_COERCE_C_LOCALE  -I./Include/internal -I./Include/internal/mimalloc  -I. -I./Include    -DPy_BUILD_CORE -o Python/symtable.o Python/symtable.c
gcc -c -fno-strict-overflow -Wsign-compare -DNDEBUG -g -O3 -Wall    -std=c11 -Wextra -Wno-unused-parameter -Wno-missing-field-initializers -Wstrict-prototypes -Werror=implicit-function-declaration -fvisibility=hidden -D_WIN32_WINNT=0x0A00 -DMS_WINDOWS -UPY_COERCE_C_LOCALE  -I./Include/internal -I./Include/internal/mimalloc  -I. -I./Include    -DPy_BUILD_CORE \
	-DABIFLAGS='""' \
	 \
	-o Python/sysmodule.o ./Python/sysmodule.c
gcc -c -fno-strict-overflow -Wsign-compare -DNDEBUG -g -O3 -Wall    -std=c11 -Wextra -Wno-unused-parameter -Wno-missing-field-initializers -Wstrict-prototypes -Werror=implicit-function-declaration -fvisibility=hidden -D_WIN32_WINNT=0x0A00 -DMS_WINDOWS -UPY_COERCE_C_LOCALE  -I./Include/internal -I./Include/internal/mimalloc  -I. -I./Include    -DPy_BUILD_CORE -o Python/thread.o Python/thread.c
gcc -c -fno-strict-overflow -Wsign-compare -DNDEBUG -g -O3 -Wall    -std=c11 -Wextra -Wno-unused-parameter -Wno-missing-field-initializers -Wstrict-prototypes -Werror=implicit-function-declaration -fvisibility=hidden -D_WIN32_WINNT=0x0A00 -DMS_WINDOWS -UPY_COERCE_C_LOCALE  -I./Include/internal -I./Include/internal/mimalloc  -I. -I./Include    -DPy_BUILD_CORE -o Python/traceback.o Python/traceback.c
gcc -c -fno-strict-overflow -Wsign-compare -DNDEBUG -g -O3 -Wall    -std=c11 -Wextra -Wno-unused-parameter -Wno-missing-field-initializers -Wstrict-prototypes -Werror=implicit-function-declaration -fvisibility=hidden -D_WIN32_WINNT=0x0A00 -DMS_WINDOWS -UPY_COERCE_C_LOCALE  -I./Include/internal -I./Include/internal/mimalloc  -I. -I./Include    -DPy_BUILD_CORE -o Python/tracemalloc.o Python/tracemalloc.c
gcc -c -fno-strict-overflow -Wsign-compare -DNDEBUG -g -O3 -Wall    -std=c11 -Wextra -Wno-unused-parameter -Wno-missing-field-initializers -Wstrict-prototypes -Werror=implicit-function-declaration -fvisibility=hidden -D_WIN32_WINNT=0x0A00 -DMS_WINDOWS -UPY_COERCE_C_LOCALE  -I./Include/internal -I./Include/internal/mimalloc  -I. -I./Include    -DPy_BUILD_CORE -o Python/uniqueid.o Python/uniqueid.c
gcc -c -fno-strict-overflow -Wsign-compare -DNDEBUG -g -O3 -Wall    -std=c11 -Wextra -Wno-unused-parameter -Wno-missing-field-initializers -Wstrict-prototypes -Werror=implicit-function-declaration -fvisibility=hidden -D_WIN32_WINNT=0x0A00 -DMS_WINDOWS -UPY_COERCE_C_LOCALE  -I./Include/internal -I./Include/internal/mimalloc  -I. -I./Include    -DPy_BUILD_CORE -o Python/getopt.o Python/getopt.c
gcc -c -fno-strict-overflow -Wsign-compare -DNDEBUG -g -O3 -Wall    -std=c11 -Wextra -Wno-unused-parameter -Wno-missing-field-initializers -Wstrict-prototypes -Werror=implicit-function-declaration -fvisibility=hidden -D_WIN32_WINNT=0x0A00 -DMS_WINDOWS -UPY_COERCE_C_LOCALE  -I./Include/internal -I./Include/internal/mimalloc  -I. -I./Include    -DPy_BUILD_CORE -o Python/pystrcmp.o Python/pystrcmp.c
./Python/sysmodule.c:1693: warning: ignoring '#pragma warning ' [-Wunknown-pragmas]
 1693 | #pragma warning(push)
./Python/sysmodule.c:1694: warning: ignoring '#pragma warning ' [-Wunknown-pragmas]
 1694 | #pragma warning(disable:4996)
./Python/sysmodule.c:1788: warning: ignoring '#pragma warning ' [-Wunknown-pragmas]
 1788 | #pragma warning(pop)
./Python/sysmodule.c: In function '_PySys_InitCore':
./Python/sysmodule.c:3900:35: error: 'VPATH' undeclared (first use in this function)
 3900 |     SET_SYS_FROM_STRING("_vpath", VPATH);
      |                                   ^~~~~
./Python/sysmodule.c:3808:24: note: in definition of macro 'SET_SYS'
 3808 |         PyObject *v = (value);                             \
      |                        ^~~~~
./Python/sysmodule.c:3900:5: note: in expansion of macro 'SET_SYS_FROM_STRING'
 3900 |     SET_SYS_FROM_STRING("_vpath", VPATH);
      |     ^~~~~~~~~~~~~~~~~~~
./Python/sysmodule.c:3900:35: note: each undeclared identifier is reported only once for each function it appears in
./Python/sysmodule.c:3808:24: note: in definition of macro 'SET_SYS'
 3808 |         PyObject *v = (value);                             \
      |                        ^~~~~
./Python/sysmodule.c:3900:5: note: in expansion of macro 'SET_SYS_FROM_STRING'
 3900 |     SET_SYS_FROM_STRING("_vpath", VPATH);
      |     ^~~~~~~~~~~~~~~~~~~
Python/traceback.c: In function 'write_thread_name':
Python/traceback.c:1224:48: error: passing argument 2 of 'pGetThreadDescription' from incompatible pointer type [-Wincompatible-pointer-types]
 1224 |     HRESULT hr = pGetThreadDescription(thread, &name);
      |                                                ^~~~~
      |                                                |
      |                                                wchar_t ** {aka short unsigned int **}
Python/traceback.c:1224:48: note: expected 'const WCHAR **' {aka 'const short unsigned int **'} but argument is of type 'wchar_t **' {aka 'short unsigned int **'}
Python/traceback.c: In function '_Py_DumpTraceback_Init':
Python/traceback.c:1469:33: warning: cast between incompatible function types from 'FARPROC' {aka 'long long int (*)()'} to 'HRESULT (*)(void *, const WCHAR **)' {aka 'long int (*)(void *, const short unsigned int **)'} [-Wcast-function-type]
 1469 |         pGetThreadDescription = (PF_GET_THREAD_DESCRIPTION)GetProcAddress(
      |                                 ^
In file included from Python/thread.c:65:
Python/thread_pthread.h: In function 'PyThread_get_thread_native_id':
Python/thread_pthread.h:413:28: error: 'native_id' undeclared (first use in this function)
  413 |     return (unsigned long) native_id;
      |                            ^~~~~~~~~
Python/thread_pthread.h:413:28: note: each undeclared identifier is reported only once for each function it appears in
Python/thread_pthread.h: In function 'PyThread_hang_thread':
Python/thread_pthread.h:440:9: error: implicit declaration of function 'pause'; did you mean '_tpause'? [-Wimplicit-function-declaration]
  440 |         pause();
      |         ^~~~~
      |         _tpause
Python/thread_pthread.h: In function 'PyThread_exit_thread':
Python/thread_pthread.h:431:1: warning: 'noreturn' function does return
  431 | }
      | ^
make: *** [Makefile:3266：Python/traceback.o] 错误 1
make: *** 正在等待未完成的任务....
make: *** [Makefile:2096：Python/sysmodule.o] 错误 1
make: *** [Makefile:3266：Python/thread.o] 错误 1
